[2024-07-25T15:16:27.458+0200] CardTable entry size: 512
[2024-07-25T15:16:27.458+0200] Using G1
[2024-07-25T15:16:27.460+0200] Version: 21.0.3+7-LTS-152 (release)
[2024-07-25T15:16:27.460+0200] CPUs: 8 total, 8 available
[2024-07-25T15:16:27.460+0200] Memory: 7718M
[2024-07-25T15:16:27.460+0200] Large Page Support: Disabled
[2024-07-25T15:16:27.460+0200] NUMA Support: Disabled
[2024-07-25T15:16:27.460+0200] Compressed Oops: Enabled (32-bit)
[2024-07-25T15:16:27.460+0200] Heap Region Size: 1M
[2024-07-25T15:16:27.460+0200] Heap Min Capacity: 8M
[2024-07-25T15:16:27.460+0200] Heap Initial Capacity: 122M
[2024-07-25T15:16:27.460+0200] Heap Max Capacity: 1930M
[2024-07-25T15:16:27.460+0200] Pre-touch: Disabled
[2024-07-25T15:16:27.460+0200] Parallel Workers: 8
[2024-07-25T15:16:27.460+0200] Concurrent Workers: 2
[2024-07-25T15:16:27.460+0200] Concurrent Refinement Workers: 8
[2024-07-25T15:16:27.460+0200] Periodic GC: Disabled
[2024-07-25T15:16:27.473+0200] CDS archive(s) mapped at: [0x00007f3107000000-0x00007f3107ca8000-0x00007f3107ca8000), size 13271040, SharedBaseAddress: 0x00007f3107000000, ArchiveRelocationMode: 1.
[2024-07-25T15:16:27.473+0200] Compressed class space mapped at: 0x00007f3108000000-0x00007f3148000000, reserved size: 1073741824
[2024-07-25T15:16:27.473+0200] Narrow klass base: 0x00007f3107000000, Narrow klass shift: 0, Narrow klass range: 0x100000000
[2024-07-25T15:16:27.798+0200] GC(0) Pause Young (Normal) (G1 Evacuation Pause)
[2024-07-25T15:16:27.798+0200] GC(0) Using 2 workers of 8 for evacuation
[2024-07-25T15:16:27.803+0200] GC(0)   Pre Evacuate Collection Set: 0.2ms
[2024-07-25T15:16:27.803+0200] GC(0)   Merge Heap Roots: 0.1ms
[2024-07-25T15:16:27.803+0200] GC(0)   Evacuate Collection Set: 3.1ms
[2024-07-25T15:16:27.803+0200] GC(0)   Post Evacuate Collection Set: 0.4ms
[2024-07-25T15:16:27.803+0200] GC(0)   Other: 0.2ms
[2024-07-25T15:16:27.803+0200] GC(0) Eden regions: 23->0(47)
[2024-07-25T15:16:27.803+0200] GC(0) Survivor regions: 0->3(3)
[2024-07-25T15:16:27.803+0200] GC(0) Old regions: 2->3
[2024-07-25T15:16:27.803+0200] GC(0) Humongous regions: 0->0
[2024-07-25T15:16:27.803+0200] GC(0) Metaspace: 4222K(4416K)->4222K(4416K) NonClass: 3805K(3904K)->3805K(3904K) Class: 416K(512K)->416K(512K)
[2024-07-25T15:16:27.803+0200] GC(0) Pause Young (Normal) (G1 Evacuation Pause) 24M->4M(124M) 4.590ms
[2024-07-25T15:16:27.803+0200] GC(0) User=0.00s Sys=0.00s Real=0.00s
[2024-07-25T15:16:28.132+0200] GC(1) Pause Young (Normal) (G1 Evacuation Pause)
[2024-07-25T15:16:28.132+0200] GC(1) Using 4 workers of 8 for evacuation
[2024-07-25T15:16:28.137+0200] GC(1)   Pre Evacuate Collection Set: 0.1ms
[2024-07-25T15:16:28.137+0200] GC(1)   Merge Heap Roots: 0.0ms
[2024-07-25T15:16:28.137+0200] GC(1)   Evacuate Collection Set: 3.6ms
[2024-07-25T15:16:28.137+0200] GC(1)   Post Evacuate Collection Set: 0.7ms
[2024-07-25T15:16:28.137+0200] GC(1)   Other: 0.2ms
[2024-07-25T15:16:28.137+0200] GC(1) Eden regions: 47->0(67)
[2024-07-25T15:16:28.137+0200] GC(1) Survivor regions: 3->6(7)
[2024-07-25T15:16:28.137+0200] GC(1) Old regions: 3->3
[2024-07-25T15:16:28.137+0200] GC(1) Humongous regions: 0->0
[2024-07-25T15:16:28.137+0200] GC(1) Metaspace: 10447K(10752K)->10447K(10752K) NonClass: 9223K(9408K)->9223K(9408K) Class: 1223K(1344K)->1223K(1344K)
[2024-07-25T15:16:28.137+0200] GC(1) Pause Young (Normal) (G1 Evacuation Pause) 51M->6M(124M) 4.765ms
[2024-07-25T15:16:28.137+0200] GC(1) User=0.02s Sys=0.01s Real=0.01s
[2024-07-25T15:16:28.355+0200] GC(2) Pause Young (Normal) (G1 Evacuation Pause)
[2024-07-25T15:16:28.355+0200] GC(2) Using 4 workers of 8 for evacuation
[2024-07-25T15:16:28.360+0200] GC(2)   Pre Evacuate Collection Set: 0.1ms
[2024-07-25T15:16:28.360+0200] GC(2)   Merge Heap Roots: 0.0ms
[2024-07-25T15:16:28.360+0200] GC(2)   Evacuate Collection Set: 4.3ms
[2024-07-25T15:16:28.360+0200] GC(2)   Post Evacuate Collection Set: 0.8ms
[2024-07-25T15:16:28.360+0200] GC(2)   Other: 0.1ms
[2024-07-25T15:16:28.360+0200] GC(2) Eden regions: 67->0(66)
[2024-07-25T15:16:28.360+0200] GC(2) Survivor regions: 6->7(10)
[2024-07-25T15:16:28.360+0200] GC(2) Old regions: 3->3
[2024-07-25T15:16:28.360+0200] GC(2) Humongous regions: 0->0
[2024-07-25T15:16:28.360+0200] GC(2) Metaspace: 17436K(17664K)->17436K(17664K) NonClass: 15377K(15488K)->15377K(15488K) Class: 2059K(2176K)->2059K(2176K)
[2024-07-25T15:16:28.360+0200] GC(2) Pause Young (Normal) (G1 Evacuation Pause) 73M->8M(124M) 5.367ms
[2024-07-25T15:16:28.360+0200] GC(2) User=0.02s Sys=0.00s Real=0.01s
[2024-07-25T15:16:28.679+0200] GC(3) Pause Young (Concurrent Start) (Metadata GC Threshold)
[2024-07-25T15:16:28.679+0200] GC(3) Using 3 workers of 8 for evacuation
[2024-07-25T15:16:28.687+0200] GC(3)   Pre Evacuate Collection Set: 0.2ms
[2024-07-25T15:16:28.687+0200] GC(3)   Merge Heap Roots: 0.0ms
[2024-07-25T15:16:28.687+0200] GC(3)   Evacuate Collection Set: 7.3ms
[2024-07-25T15:16:28.687+0200] GC(3)   Post Evacuate Collection Set: 0.6ms
[2024-07-25T15:16:28.687+0200] GC(3)   Other: 0.1ms
[2024-07-25T15:16:28.687+0200] GC(3) Eden regions: 45->0(67)
[2024-07-25T15:16:28.687+0200] GC(3) Survivor regions: 7->6(10)
[2024-07-25T15:16:28.687+0200] GC(3) Old regions: 3->6
[2024-07-25T15:16:28.687+0200] GC(3) Humongous regions: 0->0
[2024-07-25T15:16:28.687+0200] GC(3) Metaspace: 21305K(21504K)->21305K(21504K) NonClass: 18764K(18880K)->18764K(18880K) Class: 2540K(2624K)->2540K(2624K)
[2024-07-25T15:16:28.687+0200] GC(3) Pause Young (Concurrent Start) (Metadata GC Threshold) 52M->9M(124M) 8.256ms
[2024-07-25T15:16:28.687+0200] GC(3) User=0.03s Sys=0.01s Real=0.00s
[2024-07-25T15:16:28.687+0200] GC(4) Concurrent Mark Cycle
[2024-07-25T15:16:28.687+0200] GC(4) Concurrent Scan Root Regions
[2024-07-25T15:16:28.691+0200] GC(4) Concurrent Scan Root Regions 3.763ms
[2024-07-25T15:16:28.691+0200] GC(4) Concurrent Mark
[2024-07-25T15:16:28.691+0200] GC(4) Concurrent Mark From Roots
[2024-07-25T15:16:28.691+0200] GC(4) Using 2 workers of 2 for marking
[2024-07-25T15:16:28.693+0200] GC(4) Concurrent Mark From Roots 1.801ms
[2024-07-25T15:16:28.693+0200] GC(4) Concurrent Preclean
[2024-07-25T15:16:28.693+0200] GC(4) Concurrent Preclean 0.007ms
[2024-07-25T15:16:28.693+0200] GC(4) Pause Remark
[2024-07-25T15:16:28.695+0200] GC(4) Pause Remark 10M->10M(44M) 1.682ms
[2024-07-25T15:16:28.695+0200] GC(4) User=0.00s Sys=0.00s Real=0.00s
[2024-07-25T15:16:28.695+0200] GC(4) Concurrent Mark 3.713ms
[2024-07-25T15:16:28.695+0200] GC(4) Concurrent Rebuild Remembered Sets and Scrub Regions
[2024-07-25T15:16:28.701+0200] GC(4) Concurrent Rebuild Remembered Sets and Scrub Regions 5.724ms
[2024-07-25T15:16:28.701+0200] GC(4) Pause Cleanup
[2024-07-25T15:16:28.701+0200] GC(4) Pause Cleanup 11M->11M(44M) 0.098ms
[2024-07-25T15:16:28.701+0200] GC(4) User=0.00s Sys=0.00s Real=0.00s
[2024-07-25T15:16:28.701+0200] GC(4) Concurrent Clear Claimed Marks
[2024-07-25T15:16:28.701+0200] GC(4) Concurrent Clear Claimed Marks 0.024ms
[2024-07-25T15:16:28.701+0200] GC(4) Concurrent Cleanup for Next Mark
[2024-07-25T15:16:28.701+0200] GC(4) Concurrent Cleanup for Next Mark 0.276ms
[2024-07-25T15:16:28.701+0200] GC(4) Concurrent Mark Cycle 13.872ms
[2024-07-25T15:16:29.012+0200] GC(5) Pause Young (Prepare Mixed) (G1 Evacuation Pause)
[2024-07-25T15:16:29.012+0200] GC(5) Using 8 workers of 8 for evacuation
[2024-07-25T15:16:29.017+0200] GC(5)   Pre Evacuate Collection Set: 0.1ms
[2024-07-25T15:16:29.017+0200] GC(5)   Merge Heap Roots: 0.0ms
[2024-07-25T15:16:29.017+0200] GC(5)   Evacuate Collection Set: 4.2ms
[2024-07-25T15:16:29.017+0200] GC(5)   Post Evacuate Collection Set: 0.5ms
[2024-07-25T15:16:29.017+0200] GC(5)   Other: 0.0ms
[2024-07-25T15:16:29.017+0200] GC(5) Eden regions: 32->0(29)
[2024-07-25T15:16:29.017+0200] GC(5) Survivor regions: 6->8(10)
[2024-07-25T15:16:29.017+0200] GC(5) Old regions: 6->6
[2024-07-25T15:16:29.017+0200] GC(5) Humongous regions: 0->0
[2024-07-25T15:16:29.017+0200] GC(5) Metaspace: 26246K(26624K)->26246K(26624K) NonClass: 23101K(23296K)->23101K(23296K) Class: 3145K(3328K)->3145K(3328K)
[2024-07-25T15:16:29.017+0200] GC(5) Pause Young (Prepare Mixed) (G1 Evacuation Pause) 41M->12M(63M) 5.057ms
[2024-07-25T15:16:29.017+0200] GC(5) User=0.03s Sys=0.01s Real=0.01s
[2024-07-25T15:16:29.222+0200] GC(6) Pause Young (Mixed) (G1 Evacuation Pause)
[2024-07-25T15:16:29.222+0200] GC(6) Using 8 workers of 8 for evacuation
[2024-07-25T15:16:29.227+0200] GC(6)   Pre Evacuate Collection Set: 0.1ms
[2024-07-25T15:16:29.227+0200] GC(6)   Merge Heap Roots: 0.0ms
[2024-07-25T15:16:29.227+0200] GC(6)   Evacuate Collection Set: 4.2ms
[2024-07-25T15:16:29.227+0200] GC(6)   Post Evacuate Collection Set: 0.4ms
[2024-07-25T15:16:29.227+0200] GC(6)   Other: 0.0ms
[2024-07-25T15:16:29.227+0200] GC(6) Eden regions: 29->0(34)
[2024-07-25T15:16:29.227+0200] GC(6) Survivor regions: 8->3(5)
[2024-07-25T15:16:29.227+0200] GC(6) Old regions: 6->13
[2024-07-25T15:16:29.227+0200] GC(6) Humongous regions: 0->0
[2024-07-25T15:16:29.227+0200] GC(6) Metaspace: 28650K(29056K)->28650K(29056K) NonClass: 25187K(25408K)->25187K(25408K) Class: 3463K(3648K)->3463K(3648K)
[2024-07-25T15:16:29.227+0200] GC(6) Pause Young (Mixed) (G1 Evacuation Pause) 41M->13M(63M) 4.821ms
[2024-07-25T15:16:29.227+0200] GC(6) User=0.03s Sys=0.00s Real=0.00s
[2024-07-25T15:16:41.540+0200] GC(7) Pause Young (Normal) (G1 Evacuation Pause)
[2024-07-25T15:16:41.540+0200] GC(7) Using 8 workers of 8 for evacuation
[2024-07-25T15:16:41.543+0200] GC(7)   Pre Evacuate Collection Set: 0.1ms
[2024-07-25T15:16:41.543+0200] GC(7)   Merge Heap Roots: 0.0ms
[2024-07-25T15:16:41.543+0200] GC(7)   Evacuate Collection Set: 2.2ms
[2024-07-25T15:16:41.543+0200] GC(7)   Post Evacuate Collection Set: 0.3ms
[2024-07-25T15:16:41.543+0200] GC(7)   Other: 0.0ms
[2024-07-25T15:16:41.543+0200] GC(7) Eden regions: 34->0(33)
[2024-07-25T15:16:41.543+0200] GC(7) Survivor regions: 3->4(5)
[2024-07-25T15:16:41.543+0200] GC(7) Old regions: 13->13
[2024-07-25T15:16:41.543+0200] GC(7) Humongous regions: 0->0
[2024-07-25T15:16:41.543+0200] GC(7) Metaspace: 32513K(32896K)->32513K(32896K) NonClass: 28545K(28736K)->28545K(28736K) Class: 3967K(4160K)->3967K(4160K)
[2024-07-25T15:16:41.543+0200] GC(7) Pause Young (Normal) (G1 Evacuation Pause) 47M->15M(63M) 2.747ms
[2024-07-25T15:16:41.543+0200] GC(7) User=0.02s Sys=0.00s Real=0.00s
[2024-07-25T15:16:41.795+0200] GC(8) Pause Young (Normal) (G1 Evacuation Pause)
[2024-07-25T15:16:41.795+0200] GC(8) Using 8 workers of 8 for evacuation
[2024-07-25T15:16:41.800+0200] GC(8)   Pre Evacuate Collection Set: 0.1ms
[2024-07-25T15:16:41.800+0200] GC(8)   Merge Heap Roots: 0.0ms
[2024-07-25T15:16:41.800+0200] GC(8)   Evacuate Collection Set: 4.2ms
[2024-07-25T15:16:41.800+0200] GC(8)   Post Evacuate Collection Set: 0.3ms
[2024-07-25T15:16:41.800+0200] GC(8)   Other: 0.0ms
[2024-07-25T15:16:41.800+0200] GC(8) Eden regions: 33->0(32)
[2024-07-25T15:16:41.800+0200] GC(8) Survivor regions: 4->5(5)
[2024-07-25T15:16:41.800+0200] GC(8) Old regions: 13->15
[2024-07-25T15:16:41.800+0200] GC(8) Humongous regions: 0->0
[2024-07-25T15:16:41.800+0200] GC(8) Metaspace: 34710K(35072K)->34710K(35072K) NonClass: 30517K(30720K)->30517K(30720K) Class: 4192K(4352K)->4192K(4352K)
[2024-07-25T15:16:41.800+0200] GC(8) Pause Young (Normal) (G1 Evacuation Pause) 48M->18M(63M) 4.848ms
[2024-07-25T15:16:41.800+0200] GC(8) User=0.04s Sys=0.00s Real=0.01s
[2024-07-25T15:16:41.873+0200] GC(9) Pause Young (Concurrent Start) (Metadata GC Threshold)
[2024-07-25T15:16:41.873+0200] GC(9) Using 8 workers of 8 for evacuation
[2024-07-25T15:16:41.876+0200] GC(9)   Pre Evacuate Collection Set: 0.1ms
[2024-07-25T15:16:41.876+0200] GC(9)   Merge Heap Roots: 0.0ms
[2024-07-25T15:16:41.876+0200] GC(9)   Evacuate Collection Set: 1.9ms
[2024-07-25T15:16:41.876+0200] GC(9)   Post Evacuate Collection Set: 0.3ms
[2024-07-25T15:16:41.876+0200] GC(9)   Other: 0.0ms
[2024-07-25T15:16:41.876+0200] GC(9) Eden regions: 9->0(34)
[2024-07-25T15:16:41.876+0200] GC(9) Survivor regions: 5->1(5)
[2024-07-25T15:16:41.876+0200] GC(9) Old regions: 15->20
[2024-07-25T15:16:41.876+0200] GC(9) Humongous regions: 0->0
[2024-07-25T15:16:41.876+0200] GC(9) Metaspace: 35870K(36288K)->35870K(36288K) NonClass: 31530K(31744K)->31530K(31744K) Class: 4339K(4544K)->4339K(4544K)
[2024-07-25T15:16:41.876+0200] GC(9) Pause Young (Concurrent Start) (Metadata GC Threshold) 27M->19M(63M) 2.488ms
[2024-07-25T15:16:41.876+0200] GC(9) User=0.02s Sys=0.01s Real=0.00s
[2024-07-25T15:16:41.876+0200] GC(10) Concurrent Mark Cycle
[2024-07-25T15:16:41.876+0200] GC(10) Concurrent Scan Root Regions
[2024-07-25T15:16:41.879+0200] GC(10) Concurrent Scan Root Regions 2.816ms
[2024-07-25T15:16:41.879+0200] GC(10) Concurrent Mark
[2024-07-25T15:16:41.879+0200] GC(10) Concurrent Mark From Roots
[2024-07-25T15:16:41.879+0200] GC(10) Using 2 workers of 2 for marking
[2024-07-25T15:16:41.894+0200] GC(10) Concurrent Mark From Roots 15.697ms
[2024-07-25T15:16:41.894+0200] GC(10) Concurrent Preclean
[2024-07-25T15:16:41.894+0200] GC(10) Concurrent Preclean 0.126ms
[2024-07-25T15:16:41.895+0200] GC(10) Pause Remark
[2024-07-25T15:16:41.897+0200] GC(10) Pause Remark 23M->23M(63M) 2.593ms
[2024-07-25T15:16:41.897+0200] GC(10) User=0.01s Sys=0.00s Real=0.01s
[2024-07-25T15:16:41.897+0200] GC(10) Concurrent Mark 18.624ms
[2024-07-25T15:16:41.897+0200] GC(10) Concurrent Rebuild Remembered Sets and Scrub Regions
[2024-07-25T15:16:41.906+0200] GC(10) Concurrent Rebuild Remembered Sets and Scrub Regions 9.231ms
[2024-07-25T15:16:41.907+0200] GC(10) Pause Cleanup
[2024-07-25T15:16:41.907+0200] GC(10) Pause Cleanup 24M->24M(63M) 0.080ms
[2024-07-25T15:16:41.907+0200] GC(10) User=0.00s Sys=0.00s Real=0.00s
[2024-07-25T15:16:41.907+0200] GC(10) Concurrent Clear Claimed Marks
[2024-07-25T15:16:41.907+0200] GC(10) Concurrent Clear Claimed Marks 0.039ms
[2024-07-25T15:16:41.907+0200] GC(10) Concurrent Cleanup for Next Mark
[2024-07-25T15:16:41.907+0200] GC(10) Concurrent Cleanup for Next Mark 0.209ms
[2024-07-25T15:16:41.907+0200] GC(10) Concurrent Mark Cycle 31.301ms
[2024-07-25T15:16:51.296+0200] GC(11) Pause Young (Prepare Mixed) (G1 Evacuation Pause)
[2024-07-25T15:16:51.296+0200] GC(11) Using 8 workers of 8 for evacuation
[2024-07-25T15:16:51.298+0200] GC(11)   Pre Evacuate Collection Set: 0.1ms
[2024-07-25T15:16:51.298+0200] GC(11)   Merge Heap Roots: 0.0ms
[2024-07-25T15:16:51.298+0200] GC(11)   Evacuate Collection Set: 1.5ms
[2024-07-25T15:16:51.298+0200] GC(11)   Post Evacuate Collection Set: 0.3ms
[2024-07-25T15:16:51.298+0200] GC(11)   Other: 0.1ms
[2024-07-25T15:16:51.298+0200] GC(11) Eden regions: 34->0(33)
[2024-07-25T15:16:51.298+0200] GC(11) Survivor regions: 1->3(5)
[2024-07-25T15:16:51.298+0200] GC(11) Old regions: 20->20
[2024-07-25T15:16:51.298+0200] GC(11) Humongous regions: 0->0
[2024-07-25T15:16:51.298+0200] GC(11) Metaspace: 38589K(39040K)->38589K(39040K) NonClass: 33895K(34176K)->33895K(34176K) Class: 4694K(4864K)->4694K(4864K)
[2024-07-25T15:16:51.298+0200] GC(11) Pause Young (Prepare Mixed) (G1 Evacuation Pause) 53M->21M(63M) 2.033ms
[2024-07-25T15:16:51.298+0200] GC(11) User=0.02s Sys=0.00s Real=0.01s
[2024-07-25T15:16:51.442+0200] GC(12) Pause Young (Mixed) (G1 Evacuation Pause)
[2024-07-25T15:16:51.442+0200] GC(12) Using 8 workers of 8 for evacuation
[2024-07-25T15:16:51.444+0200] GC(12)   Pre Evacuate Collection Set: 0.1ms
[2024-07-25T15:16:51.444+0200] GC(12)   Merge Heap Roots: 0.0ms
[2024-07-25T15:16:51.444+0200] GC(12)   Evacuate Collection Set: 2.0ms
[2024-07-25T15:16:51.444+0200] GC(12)   Post Evacuate Collection Set: 0.3ms
[2024-07-25T15:16:51.444+0200] GC(12)   Other: 0.0ms
[2024-07-25T15:16:51.444+0200] GC(12) Eden regions: 33->0(34)
[2024-07-25T15:16:51.444+0200] GC(12) Survivor regions: 3->3(5)
[2024-07-25T15:16:51.444+0200] GC(12) Old regions: 20->19
[2024-07-25T15:16:51.444+0200] GC(12) Humongous regions: 0->0
[2024-07-25T15:16:51.444+0200] GC(12) Metaspace: 41394K(41856K)->41394K(41856K) NonClass: 36027K(36288K)->36027K(36288K) Class: 5367K(5568K)->5367K(5568K)
[2024-07-25T15:16:51.444+0200] GC(12) Pause Young (Mixed) (G1 Evacuation Pause) 54M->21M(63M) 2.583ms
[2024-07-25T15:16:51.444+0200] GC(12) User=0.01s Sys=0.00s Real=0.00s
[2024-07-25T15:16:51.728+0200] GC(13) Pause Young (Normal) (G1 Evacuation Pause)
[2024-07-25T15:16:51.728+0200] GC(13) Using 8 workers of 8 for evacuation
[2024-07-25T15:16:51.731+0200] GC(13)   Pre Evacuate Collection Set: 0.1ms
[2024-07-25T15:16:51.731+0200] GC(13)   Merge Heap Roots: 0.0ms
[2024-07-25T15:16:51.731+0200] GC(13)   Evacuate Collection Set: 1.9ms
[2024-07-25T15:16:51.731+0200] GC(13)   Post Evacuate Collection Set: 0.4ms
[2024-07-25T15:16:51.731+0200] GC(13)   Other: 0.0ms
[2024-07-25T15:16:51.731+0200] GC(13) Eden regions: 34->0(41)
[2024-07-25T15:16:51.731+0200] GC(13) Survivor regions: 3->4(5)
[2024-07-25T15:16:51.731+0200] GC(13) Old regions: 19->20
[2024-07-25T15:16:51.731+0200] GC(13) Humongous regions: 0->0
[2024-07-25T15:16:51.731+0200] GC(13) Metaspace: 44743K(45312K)->44743K(45312K) NonClass: 38989K(39296K)->38989K(39296K) Class: 5753K(6016K)->5753K(6016K)
[2024-07-25T15:16:51.731+0200] GC(13) Pause Young (Normal) (G1 Evacuation Pause) 55M->22M(76M) 2.584ms
[2024-07-25T15:16:51.731+0200] GC(13) User=0.02s Sys=0.01s Real=0.00s
[2024-07-25T15:16:57.262+0200] GC(14) Pause Young (Normal) (G1 Evacuation Pause)
[2024-07-25T15:16:57.262+0200] GC(14) Using 8 workers of 8 for evacuation
[2024-07-25T15:16:57.266+0200] GC(14)   Pre Evacuate Collection Set: 0.1ms
[2024-07-25T15:16:57.266+0200] GC(14)   Merge Heap Roots: 0.1ms
[2024-07-25T15:16:57.266+0200] GC(14)   Evacuate Collection Set: 3.5ms
[2024-07-25T15:16:57.266+0200] GC(14)   Post Evacuate Collection Set: 0.3ms
[2024-07-25T15:16:57.266+0200] GC(14)   Other: 0.0ms
[2024-07-25T15:16:57.266+0200] GC(14) Eden regions: 41->0(40)
[2024-07-25T15:16:57.266+0200] GC(14) Survivor regions: 4->5(6)
[2024-07-25T15:16:57.266+0200] GC(14) Old regions: 20->21
[2024-07-25T15:16:57.266+0200] GC(14) Humongous regions: 0->0
[2024-07-25T15:16:57.266+0200] GC(14) Metaspace: 46112K(46656K)->46112K(46656K) NonClass: 40242K(40512K)->40242K(40512K) Class: 5870K(6144K)->5870K(6144K)
[2024-07-25T15:16:57.266+0200] GC(14) Pause Young (Normal) (G1 Evacuation Pause) 63M->24M(76M) 4.190ms
[2024-07-25T15:16:57.266+0200] GC(14) User=0.03s Sys=0.00s Real=0.00s
[2024-07-25T15:17:04.755+0200] GC(15) Pause Young (Normal) (G1 Evacuation Pause)
[2024-07-25T15:17:04.755+0200] GC(15) Using 8 workers of 8 for evacuation
[2024-07-25T15:17:04.761+0200] GC(15)   Pre Evacuate Collection Set: 0.1ms
[2024-07-25T15:17:04.761+0200] GC(15)   Merge Heap Roots: 0.1ms
[2024-07-25T15:17:04.761+0200] GC(15)   Evacuate Collection Set: 4.7ms
[2024-07-25T15:17:04.761+0200] GC(15)   Post Evacuate Collection Set: 0.4ms
[2024-07-25T15:17:04.761+0200] GC(15)   Other: 0.1ms
[2024-07-25T15:17:04.761+0200] GC(15) Eden regions: 40->0(40)
[2024-07-25T15:17:04.761+0200] GC(15) Survivor regions: 5->4(6)
[2024-07-25T15:17:04.761+0200] GC(15) Old regions: 21->23
[2024-07-25T15:17:04.761+0200] GC(15) Humongous regions: 0->0
[2024-07-25T15:17:04.761+0200] GC(15) Metaspace: 46304K(46848K)->46304K(46848K) NonClass: 40433K(40704K)->40433K(40704K) Class: 5870K(6144K)->5870K(6144K)
[2024-07-25T15:17:04.761+0200] GC(15) Pause Young (Normal) (G1 Evacuation Pause) 64M->25M(76M) 5.597ms
[2024-07-25T15:17:04.761+0200] GC(15) User=0.02s Sys=0.01s Real=0.01s
[2024-07-25T15:17:12.209+0200] GC(16) Pause Young (Normal) (G1 Evacuation Pause)
[2024-07-25T15:17:12.209+0200] GC(16) Using 8 workers of 8 for evacuation
[2024-07-25T15:17:12.212+0200] GC(16)   Pre Evacuate Collection Set: 0.2ms
[2024-07-25T15:17:12.212+0200] GC(16)   Merge Heap Roots: 0.1ms
[2024-07-25T15:17:12.212+0200] GC(16)   Evacuate Collection Set: 1.7ms
[2024-07-25T15:17:12.212+0200] GC(16)   Post Evacuate Collection Set: 0.3ms
[2024-07-25T15:17:12.212+0200] GC(16)   Other: 0.1ms
[2024-07-25T15:17:12.212+0200] GC(16) Eden regions: 40->0(40)
[2024-07-25T15:17:12.212+0200] GC(16) Survivor regions: 4->4(6)
[2024-07-25T15:17:12.212+0200] GC(16) Old regions: 23->23
[2024-07-25T15:17:12.212+0200] GC(16) Humongous regions: 0->0
[2024-07-25T15:17:12.212+0200] GC(16) Metaspace: 46407K(46912K)->46407K(46912K) NonClass: 40536K(40768K)->40536K(40768K) Class: 5870K(6144K)->5870K(6144K)
[2024-07-25T15:17:12.212+0200] GC(16) Pause Young (Normal) (G1 Evacuation Pause) 65M->26M(76M) 2.576ms
[2024-07-25T15:17:12.212+0200] GC(16) User=0.01s Sys=0.00s Real=0.00s
[2024-07-25T15:17:19.613+0200] GC(17) Pause Young (Normal) (G1 Evacuation Pause)
[2024-07-25T15:17:19.613+0200] GC(17) Using 8 workers of 8 for evacuation
[2024-07-25T15:17:19.616+0200] GC(17)   Pre Evacuate Collection Set: 0.2ms
[2024-07-25T15:17:19.616+0200] GC(17)   Merge Heap Roots: 0.1ms
[2024-07-25T15:17:19.616+0200] GC(17)   Evacuate Collection Set: 2.1ms
[2024-07-25T15:17:19.616+0200] GC(17)   Post Evacuate Collection Set: 0.2ms
[2024-07-25T15:17:19.616+0200] GC(17)   Other: 0.1ms
[2024-07-25T15:17:19.616+0200] GC(17) Eden regions: 40->0(40)
[2024-07-25T15:17:19.616+0200] GC(17) Survivor regions: 4->3(6)
[2024-07-25T15:17:19.616+0200] GC(17) Old regions: 23->25
[2024-07-25T15:17:19.616+0200] GC(17) Humongous regions: 0->0
[2024-07-25T15:17:19.616+0200] GC(17) Metaspace: 46533K(47104K)->46533K(47104K) NonClass: 40662K(40960K)->40662K(40960K) Class: 5871K(6144K)->5871K(6144K)
[2024-07-25T15:17:19.616+0200] GC(17) Pause Young (Normal) (G1 Evacuation Pause) 66M->26M(76M) 2.877ms
[2024-07-25T15:17:19.616+0200] GC(17) User=0.02s Sys=0.00s Real=0.00s
[2024-07-25T15:17:27.029+0200] GC(18) Pause Young (Normal) (G1 Evacuation Pause)
[2024-07-25T15:17:27.029+0200] GC(18) Using 8 workers of 8 for evacuation
[2024-07-25T15:17:27.031+0200] GC(18)   Pre Evacuate Collection Set: 0.1ms
[2024-07-25T15:17:27.031+0200] GC(18)   Merge Heap Roots: 0.1ms
[2024-07-25T15:17:27.031+0200] GC(18)   Evacuate Collection Set: 1.4ms
[2024-07-25T15:17:27.031+0200] GC(18)   Post Evacuate Collection Set: 0.3ms
[2024-07-25T15:17:27.031+0200] GC(18)   Other: 0.1ms
[2024-07-25T15:17:27.031+0200] GC(18) Eden regions: 40->0(40)
[2024-07-25T15:17:27.031+0200] GC(18) Survivor regions: 3->3(6)
[2024-07-25T15:17:27.031+0200] GC(18) Old regions: 25->25
[2024-07-25T15:17:27.031+0200] GC(18) Humongous regions: 0->0
[2024-07-25T15:17:27.031+0200] GC(18) Metaspace: 46607K(47104K)->46607K(47104K) NonClass: 40736K(40960K)->40736K(40960K) Class: 5871K(6144K)->5871K(6144K)
[2024-07-25T15:17:27.031+0200] GC(18) Pause Young (Normal) (G1 Evacuation Pause) 66M->27M(76M) 2.179ms
[2024-07-25T15:17:27.031+0200] GC(18) User=0.01s Sys=0.00s Real=0.00s
[2024-07-25T15:17:38.582+0200] GC(19) Pause Young (Normal) (G1 Evacuation Pause)
[2024-07-25T15:17:38.583+0200] GC(19) Using 8 workers of 8 for evacuation
[2024-07-25T15:17:38.585+0200] GC(19)   Pre Evacuate Collection Set: 0.1ms
[2024-07-25T15:17:38.585+0200] GC(19)   Merge Heap Roots: 0.0ms
[2024-07-25T15:17:38.585+0200] GC(19)   Evacuate Collection Set: 1.8ms
[2024-07-25T15:17:38.585+0200] GC(19)   Post Evacuate Collection Set: 0.2ms
[2024-07-25T15:17:38.585+0200] GC(19)   Other: 0.0ms
[2024-07-25T15:17:38.585+0200] GC(19) Eden regions: 40->0(38)
[2024-07-25T15:17:38.585+0200] GC(19) Survivor regions: 3->4(6)
[2024-07-25T15:17:38.585+0200] GC(19) Old regions: 25->25
[2024-07-25T15:17:38.585+0200] GC(19) Humongous regions: 0->0
[2024-07-25T15:17:38.585+0200] GC(19) Metaspace: 46675K(47232K)->46675K(47232K) NonClass: 40803K(41088K)->40803K(41088K) Class: 5871K(6144K)->5871K(6144K)
[2024-07-25T15:17:38.585+0200] GC(19) Pause Young (Normal) (G1 Evacuation Pause) 67M->28M(76M) 2.389ms
[2024-07-25T15:17:38.585+0200] GC(19) User=0.01s Sys=0.00s Real=0.00s
[2024-07-25T15:17:38.713+0200] GC(20) Pause Young (Normal) (G1 Evacuation Pause)
[2024-07-25T15:17:38.713+0200] GC(20) Using 8 workers of 8 for evacuation
[2024-07-25T15:17:38.715+0200] GC(20)   Pre Evacuate Collection Set: 0.1ms
[2024-07-25T15:17:38.715+0200] GC(20)   Merge Heap Roots: 0.0ms
[2024-07-25T15:17:38.715+0200] GC(20)   Evacuate Collection Set: 1.4ms
[2024-07-25T15:17:38.715+0200] GC(20)   Post Evacuate Collection Set: 0.2ms
[2024-07-25T15:17:38.715+0200] GC(20)   Other: 0.0ms
[2024-07-25T15:17:38.715+0200] GC(20) Eden regions: 38->0(37)
[2024-07-25T15:17:38.715+0200] GC(20) Survivor regions: 4->4(6)
[2024-07-25T15:17:38.715+0200] GC(20) Old regions: 25->26
[2024-07-25T15:17:38.715+0200] GC(20) Humongous regions: 0->0
[2024-07-25T15:17:38.715+0200] GC(20) Metaspace: 46735K(47296K)->46735K(47296K) NonClass: 40864K(41152K)->40864K(41152K) Class: 5871K(6144K)->5871K(6144K)
[2024-07-25T15:17:38.715+0200] GC(20) Pause Young (Normal) (G1 Evacuation Pause) 66M->29M(76M) 2.018ms
[2024-07-25T15:17:38.715+0200] GC(20) User=0.01s Sys=0.00s Real=0.00s
[2024-07-25T15:17:38.837+0200] GC(21) Pause Young (Normal) (G1 Evacuation Pause)
[2024-07-25T15:17:38.837+0200] GC(21) Using 8 workers of 8 for evacuation
[2024-07-25T15:17:38.838+0200] GC(21)   Pre Evacuate Collection Set: 0.1ms
[2024-07-25T15:17:38.838+0200] GC(21)   Merge Heap Roots: 0.0ms
[2024-07-25T15:17:38.838+0200] GC(21)   Evacuate Collection Set: 1.0ms
[2024-07-25T15:17:38.838+0200] GC(21)   Post Evacuate Collection Set: 0.2ms
[2024-07-25T15:17:38.838+0200] GC(21)   Other: 0.0ms
[2024-07-25T15:17:38.838+0200] GC(21) Eden regions: 37->0(36)
[2024-07-25T15:17:38.838+0200] GC(21) Survivor regions: 4->4(6)
[2024-07-25T15:17:38.838+0200] GC(21) Old regions: 26->27
[2024-07-25T15:17:38.838+0200] GC(21) Humongous regions: 0->0
[2024-07-25T15:17:38.838+0200] GC(21) Metaspace: 46796K(47296K)->46796K(47296K) NonClass: 40924K(41152K)->40924K(41152K) Class: 5871K(6144K)->5871K(6144K)
[2024-07-25T15:17:38.838+0200] GC(21) Pause Young (Normal) (G1 Evacuation Pause) 66M->29M(76M) 1.513ms
[2024-07-25T15:17:38.838+0200] GC(21) User=0.01s Sys=0.00s Real=0.00s
[2024-07-25T15:17:38.946+0200] GC(22) Pause Young (Normal) (G1 Evacuation Pause)
[2024-07-25T15:17:38.946+0200] GC(22) Using 8 workers of 8 for evacuation
[2024-07-25T15:17:38.947+0200] GC(22)   Pre Evacuate Collection Set: 0.2ms
[2024-07-25T15:17:38.947+0200] GC(22)   Merge Heap Roots: 0.0ms
[2024-07-25T15:17:38.947+0200] GC(22)   Evacuate Collection Set: 1.1ms
[2024-07-25T15:17:38.947+0200] GC(22)   Post Evacuate Collection Set: 0.3ms
[2024-07-25T15:17:38.947+0200] GC(22)   Other: 0.0ms
[2024-07-25T15:17:38.947+0200] GC(22) Eden regions: 36->0(37)
[2024-07-25T15:17:38.947+0200] GC(22) Survivor regions: 4->3(5)
[2024-07-25T15:17:38.947+0200] GC(22) Old regions: 27->28
[2024-07-25T15:17:38.947+0200] GC(22) Humongous regions: 0->0
[2024-07-25T15:17:38.947+0200] GC(22) Metaspace: 46833K(47424K)->46833K(47424K) NonClass: 40962K(41280K)->40962K(41280K) Class: 5871K(6144K)->5871K(6144K)
[2024-07-25T15:17:38.947+0200] GC(22) Pause Young (Normal) (G1 Evacuation Pause) 65M->30M(76M) 1.690ms
[2024-07-25T15:17:38.947+0200] GC(22) User=0.01s Sys=0.00s Real=0.00s
[2024-07-25T15:17:39.087+0200] GC(23) Pause Young (Normal) (G1 Evacuation Pause)
[2024-07-25T15:17:39.087+0200] GC(23) Using 8 workers of 8 for evacuation
[2024-07-25T15:17:39.089+0200] GC(23)   Pre Evacuate Collection Set: 0.1ms
[2024-07-25T15:17:39.089+0200] GC(23)   Merge Heap Roots: 0.0ms
[2024-07-25T15:17:39.089+0200] GC(23)   Evacuate Collection Set: 1.6ms
[2024-07-25T15:17:39.089+0200] GC(23)   Post Evacuate Collection Set: 0.2ms
[2024-07-25T15:17:39.089+0200] GC(23)   Other: 0.1ms
[2024-07-25T15:17:39.089+0200] GC(23) Eden regions: 37->0(36)
[2024-07-25T15:17:39.089+0200] GC(23) Survivor regions: 3->3(5)
[2024-07-25T15:17:39.089+0200] GC(23) Old regions: 28->29
[2024-07-25T15:17:39.089+0200] GC(23) Humongous regions: 0->0
[2024-07-25T15:17:39.089+0200] GC(23) Metaspace: 46875K(47424K)->46875K(47424K) NonClass: 41002K(41280K)->41002K(41280K) Class: 5872K(6144K)->5872K(6144K)
[2024-07-25T15:17:39.089+0200] GC(23) Pause Young (Normal) (G1 Evacuation Pause) 67M->31M(76M) 2.234ms
[2024-07-25T15:17:39.089+0200] GC(23) User=0.02s Sys=0.00s Real=0.01s
[2024-07-25T15:17:39.228+0200] GC(24) Pause Young (Normal) (G1 Evacuation Pause)
[2024-07-25T15:17:39.228+0200] GC(24) Using 8 workers of 8 for evacuation
[2024-07-25T15:17:39.231+0200] GC(24)   Pre Evacuate Collection Set: 0.2ms
[2024-07-25T15:17:39.231+0200] GC(24)   Merge Heap Roots: 0.0ms
[2024-07-25T15:17:39.231+0200] GC(24)   Evacuate Collection Set: 1.6ms
[2024-07-25T15:17:39.231+0200] GC(24)   Post Evacuate Collection Set: 0.5ms
[2024-07-25T15:17:39.231+0200] GC(24)   Other: 0.0ms
[2024-07-25T15:17:39.231+0200] GC(24) Eden regions: 36->0(51)
[2024-07-25T15:17:39.231+0200] GC(24) Survivor regions: 3->3(5)
[2024-07-25T15:17:39.231+0200] GC(24) Old regions: 29->29
[2024-07-25T15:17:39.231+0200] GC(24) Humongous regions: 0->0
[2024-07-25T15:17:39.231+0200] GC(24) Metaspace: 46921K(47488K)->46921K(47488K) NonClass: 41049K(41344K)->41049K(41344K) Class: 5872K(6144K)->5872K(6144K)
[2024-07-25T15:17:39.231+0200] GC(24) Pause Young (Normal) (G1 Evacuation Pause) 67M->31M(92M) 2.515ms
[2024-07-25T15:17:39.231+0200] GC(24) User=0.01s Sys=0.01s Real=0.01s
[2024-07-25T15:17:39.421+0200] GC(25) Pause Young (Normal) (G1 Evacuation Pause)
[2024-07-25T15:17:39.421+0200] GC(25) Using 8 workers of 8 for evacuation
[2024-07-25T15:17:39.423+0200] GC(25)   Pre Evacuate Collection Set: 0.1ms
[2024-07-25T15:17:39.423+0200] GC(25)   Merge Heap Roots: 0.0ms
[2024-07-25T15:17:39.423+0200] GC(25)   Evacuate Collection Set: 1.2ms
[2024-07-25T15:17:39.423+0200] GC(25)   Post Evacuate Collection Set: 0.2ms
[2024-07-25T15:17:39.423+0200] GC(25)   Other: 0.0ms
[2024-07-25T15:17:39.423+0200] GC(25) Eden regions: 51->0(49)
[2024-07-25T15:17:39.423+0200] GC(25) Survivor regions: 3->4(7)
[2024-07-25T15:17:39.423+0200] GC(25) Old regions: 29->29
[2024-07-25T15:17:39.423+0200] GC(25) Humongous regions: 0->0
[2024-07-25T15:17:39.423+0200] GC(25) Metaspace: 46990K(47488K)->46990K(47488K) NonClass: 41118K(41344K)->41118K(41344K) Class: 5872K(6144K)->5872K(6144K)
[2024-07-25T15:17:39.423+0200] GC(25) Pause Young (Normal) (G1 Evacuation Pause) 82M->32M(92M) 1.780ms
[2024-07-25T15:17:39.423+0200] GC(25) User=0.01s Sys=0.00s Real=0.00s
[2024-07-25T15:17:39.595+0200] GC(26) Pause Young (Normal) (G1 Evacuation Pause)
[2024-07-25T15:17:39.596+0200] GC(26) Using 8 workers of 8 for evacuation
[2024-07-25T15:17:39.598+0200] GC(26)   Pre Evacuate Collection Set: 0.2ms
[2024-07-25T15:17:39.598+0200] GC(26)   Merge Heap Roots: 0.1ms
[2024-07-25T15:17:39.598+0200] GC(26)   Evacuate Collection Set: 1.6ms
[2024-07-25T15:17:39.598+0200] GC(26)   Post Evacuate Collection Set: 0.2ms
[2024-07-25T15:17:39.598+0200] GC(26)   Other: 0.1ms
[2024-07-25T15:17:39.598+0200] GC(26) Eden regions: 49->0(47)
[2024-07-25T15:17:39.598+0200] GC(26) Survivor regions: 4->5(7)
[2024-07-25T15:17:39.598+0200] GC(26) Old regions: 29->29
[2024-07-25T15:17:39.598+0200] GC(26) Humongous regions: 0->0
[2024-07-25T15:17:39.598+0200] GC(26) Metaspace: 47051K(47616K)->47051K(47616K) NonClass: 41178K(41472K)->41178K(41472K) Class: 5872K(6144K)->5872K(6144K)
[2024-07-25T15:17:39.598+0200] GC(26) Pause Young (Normal) (G1 Evacuation Pause) 81M->33M(92M) 2.218ms
[2024-07-25T15:17:39.598+0200] GC(26) User=0.02s Sys=0.00s Real=0.01s
[2024-07-25T15:17:39.763+0200] GC(27) Pause Young (Normal) (G1 Evacuation Pause)
[2024-07-25T15:17:39.763+0200] GC(27) Using 8 workers of 8 for evacuation
[2024-07-25T15:17:39.765+0200] GC(27)   Pre Evacuate Collection Set: 0.1ms
[2024-07-25T15:17:39.765+0200] GC(27)   Merge Heap Roots: 0.0ms
[2024-07-25T15:17:39.765+0200] GC(27)   Evacuate Collection Set: 1.6ms
[2024-07-25T15:17:39.765+0200] GC(27)   Post Evacuate Collection Set: 0.3ms
[2024-07-25T15:17:39.765+0200] GC(27)   Other: 0.0ms
[2024-07-25T15:17:39.765+0200] GC(27) Eden regions: 47->0(47)
[2024-07-25T15:17:39.765+0200] GC(27) Survivor regions: 5->4(7)
[2024-07-25T15:17:39.765+0200] GC(27) Old regions: 29->31
[2024-07-25T15:17:39.765+0200] GC(27) Humongous regions: 0->0
[2024-07-25T15:17:39.765+0200] GC(27) Metaspace: 47116K(47616K)->47116K(47616K) NonClass: 41243K(41472K)->41243K(41472K) Class: 5872K(6144K)->5872K(6144K)
[2024-07-25T15:17:39.765+0200] GC(27) Pause Young (Normal) (G1 Evacuation Pause) 80M->34M(92M) 2.279ms
[2024-07-25T15:17:39.765+0200] GC(27) User=0.02s Sys=0.00s Real=0.00s
[2024-07-25T15:17:39.932+0200] GC(28) Pause Young (Normal) (G1 Evacuation Pause)
[2024-07-25T15:17:39.932+0200] GC(28) Using 8 workers of 8 for evacuation
[2024-07-25T15:17:39.934+0200] GC(28)   Pre Evacuate Collection Set: 0.1ms
[2024-07-25T15:17:39.934+0200] GC(28)   Merge Heap Roots: 0.0ms
[2024-07-25T15:17:39.934+0200] GC(28)   Evacuate Collection Set: 1.4ms
[2024-07-25T15:17:39.934+0200] GC(28)   Post Evacuate Collection Set: 0.2ms
[2024-07-25T15:17:39.934+0200] GC(28)   Other: 0.0ms
[2024-07-25T15:17:39.934+0200] GC(28) Eden regions: 47->0(45)
[2024-07-25T15:17:39.934+0200] GC(28) Survivor regions: 4->5(7)
[2024-07-25T15:17:39.934+0200] GC(28) Old regions: 31->31
[2024-07-25T15:17:39.934+0200] GC(28) Humongous regions: 0->0
[2024-07-25T15:17:39.934+0200] GC(28) Metaspace: 47142K(47616K)->47142K(47616K) NonClass: 41269K(41472K)->41269K(41472K) Class: 5872K(6144K)->5872K(6144K)
[2024-07-25T15:17:39.934+0200] GC(28) Pause Young (Normal) (G1 Evacuation Pause) 81M->35M(92M) 1.900ms
[2024-07-25T15:17:39.934+0200] GC(28) User=0.01s Sys=0.00s Real=0.00s
[2024-07-25T15:17:40.092+0200] GC(29) Pause Young (Normal) (G1 Evacuation Pause)
[2024-07-25T15:17:40.092+0200] GC(29) Using 8 workers of 8 for evacuation
[2024-07-25T15:17:40.094+0200] GC(29)   Pre Evacuate Collection Set: 0.1ms
[2024-07-25T15:17:40.094+0200] GC(29)   Merge Heap Roots: 0.1ms
[2024-07-25T15:17:40.094+0200] GC(29)   Evacuate Collection Set: 1.8ms
[2024-07-25T15:17:40.094+0200] GC(29)   Post Evacuate Collection Set: 0.3ms
[2024-07-25T15:17:40.094+0200] GC(29)   Other: 0.0ms
[2024-07-25T15:17:40.094+0200] GC(29) Eden regions: 45->0(61)
[2024-07-25T15:17:40.094+0200] GC(29) Survivor regions: 5->5(7)
[2024-07-25T15:17:40.094+0200] GC(29) Old regions: 31->32
[2024-07-25T15:17:40.094+0200] GC(29) Humongous regions: 0->0
[2024-07-25T15:17:40.094+0200] GC(29) Metaspace: 47201K(47744K)->47201K(47744K) NonClass: 41327K(41600K)->41327K(41600K) Class: 5873K(6144K)->5873K(6144K)
[2024-07-25T15:17:40.094+0200] GC(29) Pause Young (Normal) (G1 Evacuation Pause) 80M->35M(111M) 2.469ms
[2024-07-25T15:17:40.094+0200] GC(29) User=0.01s Sys=0.00s Real=0.00s
[2024-07-25T15:17:40.296+0200] GC(30) Pause Young (Normal) (G1 Evacuation Pause)
[2024-07-25T15:17:40.296+0200] GC(30) Using 8 workers of 8 for evacuation
[2024-07-25T15:17:40.298+0200] GC(30)   Pre Evacuate Collection Set: 0.1ms
[2024-07-25T15:17:40.298+0200] GC(30)   Merge Heap Roots: 0.0ms
[2024-07-25T15:17:40.298+0200] GC(30)   Evacuate Collection Set: 1.5ms
[2024-07-25T15:17:40.298+0200] GC(30)   Post Evacuate Collection Set: 0.2ms
[2024-07-25T15:17:40.298+0200] GC(30)   Other: 0.0ms
[2024-07-25T15:17:40.298+0200] GC(30) Eden regions: 61->0(60)
[2024-07-25T15:17:40.298+0200] GC(30) Survivor regions: 5->6(9)
[2024-07-25T15:17:40.298+0200] GC(30) Old regions: 32->32
[2024-07-25T15:17:40.298+0200] GC(30) Humongous regions: 0->0
[2024-07-25T15:17:40.298+0200] GC(30) Metaspace: 47273K(47808K)->47273K(47808K) NonClass: 41398K(41664K)->41398K(41664K) Class: 5875K(6144K)->5875K(6144K)
[2024-07-25T15:17:40.298+0200] GC(30) Pause Young (Normal) (G1 Evacuation Pause) 96M->37M(111M) 1.973ms
[2024-07-25T15:17:40.298+0200] GC(30) User=0.01s Sys=0.00s Real=0.01s
[2024-07-25T15:17:40.474+0200] GC(31) Pause Young (Normal) (G1 Evacuation Pause)
[2024-07-25T15:17:40.474+0200] GC(31) Using 8 workers of 8 for evacuation
[2024-07-25T15:17:40.476+0200] GC(31)   Pre Evacuate Collection Set: 0.1ms
[2024-07-25T15:17:40.476+0200] GC(31)   Merge Heap Roots: 0.1ms
[2024-07-25T15:17:40.476+0200] GC(31)   Evacuate Collection Set: 1.7ms
[2024-07-25T15:17:40.476+0200] GC(31)   Post Evacuate Collection Set: 0.2ms
[2024-07-25T15:17:40.476+0200] GC(31)   Other: 0.0ms
[2024-07-25T15:17:40.476+0200] GC(31) Eden regions: 60->0(57)
[2024-07-25T15:17:40.476+0200] GC(31) Survivor regions: 6->7(9)
[2024-07-25T15:17:40.476+0200] GC(31) Old regions: 32->33
[2024-07-25T15:17:40.476+0200] GC(31) Humongous regions: 0->0
[2024-07-25T15:17:40.476+0200] GC(31) Metaspace: 47288K(47808K)->47288K(47808K) NonClass: 41412K(41664K)->41412K(41664K) Class: 5875K(6144K)->5875K(6144K)
[2024-07-25T15:17:40.476+0200] GC(31) Pause Young (Normal) (G1 Evacuation Pause) 97M->38M(111M) 2.266ms
[2024-07-25T15:17:40.476+0200] GC(31) User=0.01s Sys=0.00s Real=0.00s
[2024-07-25T15:17:40.658+0200] GC(32) Pause Young (Normal) (G1 Evacuation Pause)
[2024-07-25T15:17:40.658+0200] GC(32) Using 8 workers of 8 for evacuation
[2024-07-25T15:17:40.661+0200] GC(32)   Pre Evacuate Collection Set: 0.1ms
[2024-07-25T15:17:40.661+0200] GC(32)   Merge Heap Roots: 0.0ms
[2024-07-25T15:17:40.661+0200] GC(32)   Evacuate Collection Set: 2.2ms
[2024-07-25T15:17:40.661+0200] GC(32)   Post Evacuate Collection Set: 0.3ms
[2024-07-25T15:17:40.661+0200] GC(32)   Other: 0.1ms
[2024-07-25T15:17:40.661+0200] GC(32) Eden regions: 57->0(59)
[2024-07-25T15:17:40.661+0200] GC(32) Survivor regions: 7->5(8)
[2024-07-25T15:17:40.661+0200] GC(32) Old regions: 33->35
[2024-07-25T15:17:40.661+0200] GC(32) Humongous regions: 0->0
[2024-07-25T15:17:40.661+0200] GC(32) Metaspace: 47303K(47808K)->47303K(47808K) NonClass: 41428K(41664K)->41428K(41664K) Class: 5875K(6144K)->5875K(6144K)
[2024-07-25T15:17:40.661+0200] GC(32) Pause Young (Normal) (G1 Evacuation Pause) 95M->39M(111M) 2.846ms
[2024-07-25T15:17:40.661+0200] GC(32) User=0.02s Sys=0.00s Real=0.00s
[2024-07-25T15:17:40.837+0200] GC(33) Pause Young (Normal) (G1 Evacuation Pause)
[2024-07-25T15:17:40.837+0200] GC(33) Using 8 workers of 8 for evacuation
[2024-07-25T15:17:40.839+0200] GC(33)   Pre Evacuate Collection Set: 0.2ms
[2024-07-25T15:17:40.839+0200] GC(33)   Merge Heap Roots: 0.0ms
[2024-07-25T15:17:40.839+0200] GC(33)   Evacuate Collection Set: 1.5ms
[2024-07-25T15:17:40.839+0200] GC(33)   Post Evacuate Collection Set: 0.2ms
[2024-07-25T15:17:40.839+0200] GC(33)   Other: 0.0ms
[2024-07-25T15:17:40.839+0200] GC(33) Eden regions: 59->0(57)
[2024-07-25T15:17:40.839+0200] GC(33) Survivor regions: 5->6(8)
[2024-07-25T15:17:40.839+0200] GC(33) Old regions: 35->35
[2024-07-25T15:17:40.839+0200] GC(33) Humongous regions: 0->0
[2024-07-25T15:17:40.839+0200] GC(33) Metaspace: 47319K(47808K)->47319K(47808K) NonClass: 41443K(41664K)->41443K(41664K) Class: 5875K(6144K)->5875K(6144K)
[2024-07-25T15:17:40.839+0200] GC(33) Pause Young (Normal) (G1 Evacuation Pause) 98M->40M(111M) 2.029ms
[2024-07-25T15:17:40.839+0200] GC(33) User=0.01s Sys=0.00s Real=0.00s
[2024-07-25T15:17:41.019+0200] GC(34) Pause Young (Normal) (G1 Evacuation Pause)
[2024-07-25T15:17:41.019+0200] GC(34) Using 8 workers of 8 for evacuation
[2024-07-25T15:17:41.022+0200] GC(34)   Pre Evacuate Collection Set: 0.1ms
[2024-07-25T15:17:41.022+0200] GC(34)   Merge Heap Roots: 0.0ms
[2024-07-25T15:17:41.022+0200] GC(34)   Evacuate Collection Set: 1.8ms
[2024-07-25T15:17:41.022+0200] GC(34)   Post Evacuate Collection Set: 0.4ms
[2024-07-25T15:17:41.022+0200] GC(34)   Other: 0.0ms
[2024-07-25T15:17:41.022+0200] GC(34) Eden regions: 57->0(75)
[2024-07-25T15:17:41.022+0200] GC(34) Survivor regions: 6->5(8)
[2024-07-25T15:17:41.022+0200] GC(34) Old regions: 35->37
[2024-07-25T15:17:41.022+0200] GC(34) Humongous regions: 0->0
[2024-07-25T15:17:41.022+0200] GC(34) Metaspace: 47371K(47872K)->47371K(47872K) NonClass: 41495K(41728K)->41495K(41728K) Class: 5875K(6144K)->5875K(6144K)
[2024-07-25T15:17:41.022+0200] GC(34) Pause Young (Normal) (G1 Evacuation Pause) 97M->41M(134M) 2.462ms
[2024-07-25T15:17:41.022+0200] GC(34) User=0.01s Sys=0.00s Real=0.00s
[2024-07-25T15:17:41.258+0200] GC(35) Pause Young (Normal) (G1 Evacuation Pause)
[2024-07-25T15:17:41.258+0200] GC(35) Using 8 workers of 8 for evacuation
[2024-07-25T15:17:41.259+0200] GC(35)   Pre Evacuate Collection Set: 0.1ms
[2024-07-25T15:17:41.259+0200] GC(35)   Merge Heap Roots: 0.0ms
[2024-07-25T15:17:41.259+0200] GC(35)   Evacuate Collection Set: 1.3ms
[2024-07-25T15:17:41.259+0200] GC(35)   Post Evacuate Collection Set: 0.1ms
[2024-07-25T15:17:41.259+0200] GC(35)   Other: 0.1ms
[2024-07-25T15:17:41.259+0200] GC(35) Eden regions: 75->0(74)
[2024-07-25T15:17:41.259+0200] GC(35) Survivor regions: 5->6(10)
[2024-07-25T15:17:41.259+0200] GC(35) Old regions: 37->37
[2024-07-25T15:17:41.259+0200] GC(35) Humongous regions: 0->0
[2024-07-25T15:17:41.259+0200] GC(35) Metaspace: 47400K(47936K)->47400K(47936K) NonClass: 41525K(41792K)->41525K(41792K) Class: 5875K(6144K)->5875K(6144K)
[2024-07-25T15:17:41.259+0200] GC(35) Pause Young (Normal) (G1 Evacuation Pause) 116M->42M(134M) 1.781ms
[2024-07-25T15:17:41.259+0200] GC(35) User=0.01s Sys=0.00s Real=0.00s
[2024-07-25T15:17:41.486+0200] GC(36) Pause Young (Normal) (G1 Evacuation Pause)
[2024-07-25T15:17:41.486+0200] GC(36) Using 8 workers of 8 for evacuation
[2024-07-25T15:17:41.488+0200] GC(36)   Pre Evacuate Collection Set: 0.1ms
[2024-07-25T15:17:41.488+0200] GC(36)   Merge Heap Roots: 0.0ms
[2024-07-25T15:17:41.488+0200] GC(36)   Evacuate Collection Set: 1.9ms
[2024-07-25T15:17:41.488+0200] GC(36)   Post Evacuate Collection Set: 0.2ms
[2024-07-25T15:17:41.488+0200] GC(36)   Other: 0.0ms
[2024-07-25T15:17:41.488+0200] GC(36) Eden regions: 74->0(74)
[2024-07-25T15:17:41.488+0200] GC(36) Survivor regions: 6->6(10)
[2024-07-25T15:17:41.488+0200] GC(36) Old regions: 37->38
[2024-07-25T15:17:41.488+0200] GC(36) Humongous regions: 0->0
[2024-07-25T15:17:41.488+0200] GC(36) Metaspace: 47490K(48064K)->47490K(48064K) NonClass: 41614K(41920K)->41614K(41920K) Class: 5876K(6144K)->5876K(6144K)
[2024-07-25T15:17:41.488+0200] GC(36) Pause Young (Normal) (G1 Evacuation Pause) 116M->43M(134M) 2.473ms
[2024-07-25T15:17:41.488+0200] GC(36) User=0.01s Sys=0.00s Real=0.01s
[2024-07-25T15:17:41.706+0200] GC(37) Pause Young (Normal) (G1 Evacuation Pause)
[2024-07-25T15:17:41.706+0200] GC(37) Using 8 workers of 8 for evacuation
[2024-07-25T15:17:41.709+0200] GC(37)   Pre Evacuate Collection Set: 0.1ms
[2024-07-25T15:17:41.709+0200] GC(37)   Merge Heap Roots: 0.0ms
[2024-07-25T15:17:41.709+0200] GC(37)   Evacuate Collection Set: 2.6ms
[2024-07-25T15:17:41.709+0200] GC(37)   Post Evacuate Collection Set: 0.3ms
[2024-07-25T15:17:41.709+0200] GC(37)   Other: 0.0ms
[2024-07-25T15:17:41.709+0200] GC(37) Eden regions: 74->0(73)
[2024-07-25T15:17:41.709+0200] GC(37) Survivor regions: 6->7(10)
[2024-07-25T15:17:41.709+0200] GC(37) Old regions: 38->39
[2024-07-25T15:17:41.709+0200] GC(37) Humongous regions: 0->0
[2024-07-25T15:17:41.709+0200] GC(37) Metaspace: 47534K(48064K)->47534K(48064K) NonClass: 41658K(41920K)->41658K(41920K) Class: 5876K(6144K)->5876K(6144K)
[2024-07-25T15:17:41.709+0200] GC(37) Pause Young (Normal) (G1 Evacuation Pause) 117M->45M(134M) 3.228ms
[2024-07-25T15:17:41.709+0200] GC(37) User=0.02s Sys=0.00s Real=0.01s
[2024-07-25T15:17:41.930+0200] GC(38) Pause Young (Normal) (G1 Evacuation Pause)
[2024-07-25T15:17:41.930+0200] GC(38) Using 8 workers of 8 for evacuation
[2024-07-25T15:17:41.932+0200] GC(38)   Pre Evacuate Collection Set: 0.2ms
[2024-07-25T15:17:41.932+0200] GC(38)   Merge Heap Roots: 0.0ms
[2024-07-25T15:17:41.932+0200] GC(38)   Evacuate Collection Set: 1.7ms
[2024-07-25T15:17:41.932+0200] GC(38)   Post Evacuate Collection Set: 0.2ms
[2024-07-25T15:17:41.932+0200] GC(38)   Other: 0.0ms
[2024-07-25T15:17:41.932+0200] GC(38) Eden regions: 73->0(72)
[2024-07-25T15:17:41.932+0200] GC(38) Survivor regions: 7->7(10)
[2024-07-25T15:17:41.932+0200] GC(38) Old regions: 39->40
[2024-07-25T15:17:41.932+0200] GC(38) Humongous regions: 0->0
[2024-07-25T15:17:41.932+0200] GC(38) Metaspace: 47552K(48064K)->47552K(48064K) NonClass: 41676K(41920K)->41676K(41920K) Class: 5876K(6144K)->5876K(6144K)
[2024-07-25T15:17:41.932+0200] GC(38) Pause Young (Normal) (G1 Evacuation Pause) 118M->46M(134M) 2.260ms
[2024-07-25T15:17:41.932+0200] GC(38) User=0.02s Sys=0.00s Real=0.00s
[2024-07-25T15:17:42.138+0200] GC(39) Pause Young (Normal) (G1 Evacuation Pause)
[2024-07-25T15:17:42.138+0200] GC(39) Using 8 workers of 8 for evacuation
[2024-07-25T15:17:42.140+0200] GC(39)   Pre Evacuate Collection Set: 0.1ms
[2024-07-25T15:17:42.141+0200] GC(39)   Merge Heap Roots: 0.0ms
[2024-07-25T15:17:42.141+0200] GC(39)   Evacuate Collection Set: 1.9ms
[2024-07-25T15:17:42.141+0200] GC(39)   Post Evacuate Collection Set: 0.1ms
[2024-07-25T15:17:42.141+0200] GC(39)   Other: 0.0ms
[2024-07-25T15:17:42.141+0200] GC(39) Eden regions: 72->0(71)
[2024-07-25T15:17:42.141+0200] GC(39) Survivor regions: 7->6(10)
[2024-07-25T15:17:42.141+0200] GC(39) Old regions: 40->43
[2024-07-25T15:17:42.141+0200] GC(39) Humongous regions: 0->0
[2024-07-25T15:17:42.141+0200] GC(39) Metaspace: 47605K(48128K)->47605K(48128K) NonClass: 41729K(41984K)->41729K(41984K) Class: 5876K(6144K)->5876K(6144K)
[2024-07-25T15:17:42.141+0200] GC(39) Pause Young (Normal) (G1 Evacuation Pause) 118M->47M(134M) 2.363ms
[2024-07-25T15:17:42.141+0200] GC(39) User=0.01s Sys=0.00s Real=0.00s
[2024-07-25T15:17:42.352+0200] GC(40) Pause Young (Normal) (G1 Evacuation Pause)
[2024-07-25T15:17:42.352+0200] GC(40) Using 8 workers of 8 for evacuation
[2024-07-25T15:17:42.355+0200] GC(40)   Pre Evacuate Collection Set: 0.1ms
[2024-07-25T15:17:42.355+0200] GC(40)   Merge Heap Roots: 0.0ms
[2024-07-25T15:17:42.355+0200] GC(40)   Evacuate Collection Set: 2.4ms
[2024-07-25T15:17:42.355+0200] GC(40)   Post Evacuate Collection Set: 0.2ms
[2024-07-25T15:17:42.355+0200] GC(40)   Other: 0.0ms
[2024-07-25T15:17:42.355+0200] GC(40) Eden regions: 71->0(70)
[2024-07-25T15:17:42.355+0200] GC(40) Survivor regions: 6->6(10)
[2024-07-25T15:17:42.355+0200] GC(40) Old regions: 43->44
[2024-07-25T15:17:42.355+0200] GC(40) Humongous regions: 0->0
[2024-07-25T15:17:42.355+0200] GC(40) Metaspace: 47823K(48384K)->47823K(48384K) NonClass: 41946K(42240K)->41946K(42240K) Class: 5876K(6144K)->5876K(6144K)
[2024-07-25T15:17:42.355+0200] GC(40) Pause Young (Normal) (G1 Evacuation Pause) 118M->49M(134M) 3.026ms
[2024-07-25T15:17:42.355+0200] GC(40) User=0.01s Sys=0.00s Real=0.00s
[2024-07-25T15:17:42.589+0200] GC(41) Pause Young (Normal) (G1 Evacuation Pause)
[2024-07-25T15:17:42.589+0200] GC(41) Using 8 workers of 8 for evacuation
[2024-07-25T15:17:42.591+0200] GC(41)   Pre Evacuate Collection Set: 0.1ms
[2024-07-25T15:17:42.591+0200] GC(41)   Merge Heap Roots: 0.0ms
[2024-07-25T15:17:42.591+0200] GC(41)   Evacuate Collection Set: 1.7ms
[2024-07-25T15:17:42.591+0200] GC(41)   Post Evacuate Collection Set: 0.2ms
[2024-07-25T15:17:42.591+0200] GC(41)   Other: 0.0ms
[2024-07-25T15:17:42.591+0200] GC(41) Eden regions: 70->0(68)
[2024-07-25T15:17:42.591+0200] GC(41) Survivor regions: 6->6(10)
[2024-07-25T15:17:42.591+0200] GC(41) Old regions: 44->46
[2024-07-25T15:17:42.591+0200] GC(41) Humongous regions: 0->0
[2024-07-25T15:17:42.591+0200] GC(41) Metaspace: 47880K(48384K)->47880K(48384K) NonClass: 42004K(42240K)->42004K(42240K) Class: 5876K(6144K)->5876K(6144K)
[2024-07-25T15:17:42.591+0200] GC(41) Pause Young (Normal) (G1 Evacuation Pause) 119M->50M(134M) 2.179ms
[2024-07-25T15:17:42.591+0200] GC(41) User=0.01s Sys=0.00s Real=0.00s
[2024-07-25T15:17:42.773+0200] GC(42) Pause Young (Normal) (G1 Evacuation Pause)
[2024-07-25T15:17:42.773+0200] GC(42) Using 8 workers of 8 for evacuation
[2024-07-25T15:17:42.777+0200] GC(42)   Pre Evacuate Collection Set: 0.2ms
[2024-07-25T15:17:42.777+0200] GC(42)   Merge Heap Roots: 0.1ms
[2024-07-25T15:17:42.777+0200] GC(42)   Evacuate Collection Set: 2.7ms
[2024-07-25T15:17:42.777+0200] GC(42)   Post Evacuate Collection Set: 0.2ms
[2024-07-25T15:17:42.777+0200] GC(42)   Other: 0.1ms
[2024-07-25T15:17:42.777+0200] GC(42) Eden regions: 68->0(66)
[2024-07-25T15:17:42.777+0200] GC(42) Survivor regions: 6->7(10)
[2024-07-25T15:17:42.777+0200] GC(42) Old regions: 46->46
[2024-07-25T15:17:42.777+0200] GC(42) Humongous regions: 0->0
[2024-07-25T15:17:42.777+0200] GC(42) Metaspace: 47906K(48448K)->47906K(48448K) NonClass: 42030K(42304K)->42030K(42304K) Class: 5876K(6144K)->5876K(6144K)
[2024-07-25T15:17:42.777+0200] GC(42) Pause Young (Normal) (G1 Evacuation Pause) 118M->51M(134M) 3.305ms
[2024-07-25T15:17:42.777+0200] GC(42) User=0.01s Sys=0.00s Real=0.01s
[2024-07-25T15:17:42.962+0200] GC(43) Pause Young (Normal) (G1 Evacuation Pause)
[2024-07-25T15:17:42.962+0200] GC(43) Using 8 workers of 8 for evacuation
[2024-07-25T15:17:42.965+0200] GC(43)   Pre Evacuate Collection Set: 0.1ms
[2024-07-25T15:17:42.965+0200] GC(43)   Merge Heap Roots: 0.0ms
[2024-07-25T15:17:42.965+0200] GC(43)   Evacuate Collection Set: 2.1ms
[2024-07-25T15:17:42.965+0200] GC(43)   Post Evacuate Collection Set: 0.4ms
[2024-07-25T15:17:42.965+0200] GC(43)   Other: 0.0ms
[2024-07-25T15:17:42.965+0200] GC(43) Eden regions: 66->0(89)
[2024-07-25T15:17:42.965+0200] GC(43) Survivor regions: 7->7(10)
[2024-07-25T15:17:42.965+0200] GC(43) Old regions: 46->47
[2024-07-25T15:17:42.965+0200] GC(43) Humongous regions: 0->0
[2024-07-25T15:17:42.965+0200] GC(43) Metaspace: 47916K(48448K)->47916K(48448K) NonClass: 42040K(42304K)->42040K(42304K) Class: 5876K(6144K)->5876K(6144K)
[2024-07-25T15:17:42.965+0200] GC(43) Pause Young (Normal) (G1 Evacuation Pause) 117M->52M(161M) 2.764ms
[2024-07-25T15:17:42.965+0200] GC(43) User=0.01s Sys=0.01s Real=0.00s
[2024-07-25T15:17:43.209+0200] GC(44) Pause Young (Normal) (G1 Evacuation Pause)
[2024-07-25T15:17:43.209+0200] GC(44) Using 8 workers of 8 for evacuation
[2024-07-25T15:17:43.212+0200] GC(44)   Pre Evacuate Collection Set: 0.1ms
[2024-07-25T15:17:43.212+0200] GC(44)   Merge Heap Roots: 0.1ms
[2024-07-25T15:17:43.212+0200] GC(44)   Evacuate Collection Set: 2.5ms
[2024-07-25T15:17:43.212+0200] GC(44)   Post Evacuate Collection Set: 0.2ms
[2024-07-25T15:17:43.212+0200] GC(44)   Other: 0.1ms
[2024-07-25T15:17:43.212+0200] GC(44) Eden regions: 89->0(87)
[2024-07-25T15:17:43.212+0200] GC(44) Survivor regions: 7->9(12)
[2024-07-25T15:17:43.212+0200] GC(44) Old regions: 47->47
[2024-07-25T15:17:43.212+0200] GC(44) Humongous regions: 0->0
[2024-07-25T15:17:43.212+0200] GC(44) Metaspace: 47924K(48448K)->47924K(48448K) NonClass: 42048K(42304K)->42048K(42304K) Class: 5876K(6144K)->5876K(6144K)
[2024-07-25T15:17:43.212+0200] GC(44) Pause Young (Normal) (G1 Evacuation Pause) 141M->54M(161M) 3.052ms
[2024-07-25T15:17:43.212+0200] GC(44) User=0.01s Sys=0.00s Real=0.00s
[2024-07-25T15:17:43.479+0200] GC(45) Pause Young (Normal) (G1 Evacuation Pause)
[2024-07-25T15:17:43.479+0200] GC(45) Using 8 workers of 8 for evacuation
[2024-07-25T15:17:43.482+0200] GC(45)   Pre Evacuate Collection Set: 0.1ms
[2024-07-25T15:17:43.482+0200] GC(45)   Merge Heap Roots: 0.1ms
[2024-07-25T15:17:43.482+0200] GC(45)   Evacuate Collection Set: 2.4ms
[2024-07-25T15:17:43.482+0200] GC(45)   Post Evacuate Collection Set: 0.2ms
[2024-07-25T15:17:43.482+0200] GC(45)   Other: 0.0ms
[2024-07-25T15:17:43.482+0200] GC(45) Eden regions: 87->0(89)
[2024-07-25T15:17:43.482+0200] GC(45) Survivor regions: 9->7(12)
[2024-07-25T15:17:43.482+0200] GC(45) Old regions: 47->49
[2024-07-25T15:17:43.482+0200] GC(45) Humongous regions: 0->0
[2024-07-25T15:17:43.482+0200] GC(45) Metaspace: 47960K(48448K)->47960K(48448K) NonClass: 42084K(42304K)->42084K(42304K) Class: 5876K(6144K)->5876K(6144K)
[2024-07-25T15:17:43.482+0200] GC(45) Pause Young (Normal) (G1 Evacuation Pause) 141M->55M(161M) 2.860ms
[2024-07-25T15:17:43.482+0200] GC(45) User=0.02s Sys=0.00s Real=0.00s
[2024-07-25T15:17:43.726+0200] GC(46) Pause Young (Normal) (G1 Evacuation Pause)
[2024-07-25T15:17:43.726+0200] GC(46) Using 8 workers of 8 for evacuation
[2024-07-25T15:17:43.729+0200] GC(46)   Pre Evacuate Collection Set: 0.1ms
[2024-07-25T15:17:43.729+0200] GC(46)   Merge Heap Roots: 0.0ms
[2024-07-25T15:17:43.729+0200] GC(46)   Evacuate Collection Set: 2.7ms
[2024-07-25T15:17:43.729+0200] GC(46)   Post Evacuate Collection Set: 0.2ms
[2024-07-25T15:17:43.729+0200] GC(46)   Other: 0.0ms
[2024-07-25T15:17:43.729+0200] GC(46) Eden regions: 89->0(85)
[2024-07-25T15:17:43.729+0200] GC(46) Survivor regions: 7->8(12)
[2024-07-25T15:17:43.729+0200] GC(46) Old regions: 49->51
[2024-07-25T15:17:43.729+0200] GC(46) Humongous regions: 0->0
[2024-07-25T15:17:43.729+0200] GC(46) Metaspace: 47987K(48512K)->47987K(48512K) NonClass: 42111K(42368K)->42111K(42368K) Class: 5876K(6144K)->5876K(6144K)
[2024-07-25T15:17:43.729+0200] GC(46) Pause Young (Normal) (G1 Evacuation Pause) 144M->58M(161M) 3.237ms
[2024-07-25T15:17:43.729+0200] GC(46) User=0.02s Sys=0.00s Real=0.01s
[2024-07-25T15:17:43.961+0200] GC(47) Pause Young (Normal) (G1 Evacuation Pause)
[2024-07-25T15:17:43.961+0200] GC(47) Using 8 workers of 8 for evacuation
[2024-07-25T15:17:43.963+0200] GC(47)   Pre Evacuate Collection Set: 0.1ms
[2024-07-25T15:17:43.963+0200] GC(47)   Merge Heap Roots: 0.0ms
[2024-07-25T15:17:43.963+0200] GC(47)   Evacuate Collection Set: 1.9ms
[2024-07-25T15:17:43.963+0200] GC(47)   Post Evacuate Collection Set: 0.2ms
[2024-07-25T15:17:43.963+0200] GC(47)   Other: 0.0ms
[2024-07-25T15:17:43.963+0200] GC(47) Eden regions: 85->0(84)
[2024-07-25T15:17:43.963+0200] GC(47) Survivor regions: 8->8(12)
[2024-07-25T15:17:43.963+0200] GC(47) Old regions: 51->52
[2024-07-25T15:17:43.963+0200] GC(47) Humongous regions: 0->0
[2024-07-25T15:17:43.963+0200] GC(47) Metaspace: 47994K(48512K)->47994K(48512K) NonClass: 42118K(42368K)->42118K(42368K) Class: 5876K(6144K)->5876K(6144K)
[2024-07-25T15:17:43.963+0200] GC(47) Pause Young (Normal) (G1 Evacuation Pause) 143M->59M(161M) 2.464ms
[2024-07-25T15:17:43.963+0200] GC(47) User=0.01s Sys=0.00s Real=0.00s
[2024-07-25T15:17:44.195+0200] GC(48) Pause Young (Normal) (G1 Evacuation Pause)
[2024-07-25T15:17:44.195+0200] GC(48) Using 8 workers of 8 for evacuation
[2024-07-25T15:17:44.197+0200] GC(48)   Pre Evacuate Collection Set: 0.1ms
[2024-07-25T15:17:44.197+0200] GC(48)   Merge Heap Roots: 0.0ms
[2024-07-25T15:17:44.197+0200] GC(48)   Evacuate Collection Set: 2.0ms
[2024-07-25T15:17:44.197+0200] GC(48)   Post Evacuate Collection Set: 0.2ms
[2024-07-25T15:17:44.197+0200] GC(48)   Other: 0.0ms
[2024-07-25T15:17:44.197+0200] GC(48) Eden regions: 84->0(81)
[2024-07-25T15:17:44.197+0200] GC(48) Survivor regions: 8->9(12)
[2024-07-25T15:17:44.197+0200] GC(48) Old regions: 52->53
[2024-07-25T15:17:44.197+0200] GC(48) Humongous regions: 0->0
[2024-07-25T15:17:44.197+0200] GC(48) Metaspace: 48017K(48512K)->48017K(48512K) NonClass: 42141K(42368K)->42141K(42368K) Class: 5876K(6144K)->5876K(6144K)
[2024-07-25T15:17:44.197+0200] GC(48) Pause Young (Normal) (G1 Evacuation Pause) 143M->61M(161M) 2.520ms
[2024-07-25T15:17:44.197+0200] GC(48) User=0.02s Sys=0.00s Real=0.01s
[2024-07-25T15:17:44.440+0200] GC(49) Pause Young (Normal) (G1 Evacuation Pause)
[2024-07-25T15:17:44.440+0200] GC(49) Using 8 workers of 8 for evacuation
[2024-07-25T15:17:44.443+0200] GC(49)   Pre Evacuate Collection Set: 0.1ms
[2024-07-25T15:17:44.444+0200] GC(49)   Merge Heap Roots: 0.1ms
[2024-07-25T15:17:44.444+0200] GC(49)   Evacuate Collection Set: 3.0ms
[2024-07-25T15:17:44.444+0200] GC(49)   Post Evacuate Collection Set: 0.2ms
[2024-07-25T15:17:44.444+0200] GC(49)   Other: 0.0ms
[2024-07-25T15:17:44.444+0200] GC(49) Eden regions: 81->0(79)
[2024-07-25T15:17:44.444+0200] GC(49) Survivor regions: 9->9(12)
[2024-07-25T15:17:44.444+0200] GC(49) Old regions: 53->55
[2024-07-25T15:17:44.444+0200] GC(49) Humongous regions: 0->0
[2024-07-25T15:17:44.444+0200] GC(49) Metaspace: 48113K(48640K)->48113K(48640K) NonClass: 42237K(42496K)->42237K(42496K) Class: 5876K(6144K)->5876K(6144K)
[2024-07-25T15:17:44.444+0200] GC(49) Pause Young (Normal) (G1 Evacuation Pause) 142M->62M(161M) 3.498ms
[2024-07-25T15:17:44.444+0200] GC(49) User=0.02s Sys=0.00s Real=0.00s
[2024-07-25T15:17:44.671+0200] GC(50) Pause Young (Normal) (G1 Evacuation Pause)
[2024-07-25T15:17:44.671+0200] GC(50) Using 8 workers of 8 for evacuation
[2024-07-25T15:17:44.674+0200] GC(50)   Pre Evacuate Collection Set: 0.1ms
[2024-07-25T15:17:44.674+0200] GC(50)   Merge Heap Roots: 0.0ms
[2024-07-25T15:17:44.674+0200] GC(50)   Evacuate Collection Set: 2.2ms
[2024-07-25T15:17:44.674+0200] GC(50)   Post Evacuate Collection Set: 0.2ms
[2024-07-25T15:17:44.674+0200] GC(50)   Other: 0.0ms
[2024-07-25T15:17:44.674+0200] GC(50) Eden regions: 79->0(80)
[2024-07-25T15:17:44.674+0200] GC(50) Survivor regions: 9->7(11)
[2024-07-25T15:17:44.674+0200] GC(50) Old regions: 55->58
[2024-07-25T15:17:44.674+0200] GC(50) Humongous regions: 0->0
[2024-07-25T15:17:44.674+0200] GC(50) Metaspace: 48114K(48640K)->48114K(48640K) NonClass: 42238K(42496K)->42238K(42496K) Class: 5876K(6144K)->5876K(6144K)
[2024-07-25T15:17:44.674+0200] GC(50) Pause Young (Normal) (G1 Evacuation Pause) 141M->63M(161M) 2.709ms
[2024-07-25T15:17:44.674+0200] GC(50) User=0.02s Sys=0.00s Real=0.00s
[2024-07-25T15:17:44.888+0200] GC(51) Pause Young (Normal) (G1 Evacuation Pause)
[2024-07-25T15:17:44.888+0200] GC(51) Using 8 workers of 8 for evacuation
[2024-07-25T15:17:44.890+0200] GC(51)   Pre Evacuate Collection Set: 0.1ms
[2024-07-25T15:17:44.890+0200] GC(51)   Merge Heap Roots: 0.2ms
[2024-07-25T15:17:44.890+0200] GC(51)   Evacuate Collection Set: 1.8ms
[2024-07-25T15:17:44.890+0200] GC(51)   Post Evacuate Collection Set: 0.2ms
[2024-07-25T15:17:44.890+0200] GC(51)   Other: 0.0ms
[2024-07-25T15:17:44.890+0200] GC(51) Eden regions: 80->0(80)
[2024-07-25T15:17:44.890+0200] GC(51) Survivor regions: 7->6(11)
[2024-07-25T15:17:44.890+0200] GC(51) Old regions: 58->60
[2024-07-25T15:17:44.890+0200] GC(51) Humongous regions: 0->0
[2024-07-25T15:17:44.890+0200] GC(51) Metaspace: 48125K(48704K)->48125K(48704K) NonClass: 42249K(42560K)->42249K(42560K) Class: 5876K(6144K)->5876K(6144K)
[2024-07-25T15:17:44.890+0200] GC(51) Pause Young (Normal) (G1 Evacuation Pause) 143M->65M(161M) 2.360ms
[2024-07-25T15:17:44.890+0200] GC(51) User=0.01s Sys=0.01s Real=0.01s
[2024-07-25T15:17:45.101+0200] GC(52) Pause Young (Normal) (G1 Evacuation Pause)
[2024-07-25T15:17:45.101+0200] GC(52) Using 8 workers of 8 for evacuation
[2024-07-25T15:17:45.105+0200] GC(52)   Pre Evacuate Collection Set: 0.1ms
[2024-07-25T15:17:45.105+0200] GC(52)   Merge Heap Roots: 0.0ms
[2024-07-25T15:17:45.105+0200] GC(52)   Evacuate Collection Set: 3.1ms
[2024-07-25T15:17:45.105+0200] GC(52)   Post Evacuate Collection Set: 0.2ms
[2024-07-25T15:17:45.105+0200] GC(52)   Other: 0.0ms
[2024-07-25T15:17:45.105+0200] GC(52) Eden regions: 80->0(76)
[2024-07-25T15:17:45.105+0200] GC(52) Survivor regions: 6->8(11)
[2024-07-25T15:17:45.105+0200] GC(52) Old regions: 60->60
[2024-07-25T15:17:45.105+0200] GC(52) Humongous regions: 0->0
[2024-07-25T15:17:45.105+0200] GC(52) Metaspace: 48125K(48704K)->48125K(48704K) NonClass: 42249K(42560K)->42249K(42560K) Class: 5876K(6144K)->5876K(6144K)
[2024-07-25T15:17:45.105+0200] GC(52) Pause Young (Normal) (G1 Evacuation Pause) 145M->67M(161M) 3.627ms
[2024-07-25T15:17:45.105+0200] GC(52) User=0.02s Sys=0.00s Real=0.00s
[2024-07-25T15:17:45.321+0200] GC(53) Pause Young (Normal) (G1 Evacuation Pause)
[2024-07-25T15:17:45.321+0200] GC(53) Using 8 workers of 8 for evacuation
[2024-07-25T15:17:45.324+0200] GC(53)   Pre Evacuate Collection Set: 0.2ms
[2024-07-25T15:17:45.324+0200] GC(53)   Merge Heap Roots: 0.1ms
[2024-07-25T15:17:45.324+0200] GC(53)   Evacuate Collection Set: 2.3ms
[2024-07-25T15:17:45.324+0200] GC(53)   Post Evacuate Collection Set: 0.2ms
[2024-07-25T15:17:45.324+0200] GC(53)   Other: 0.0ms
[2024-07-25T15:17:45.324+0200] GC(53) Eden regions: 76->0(75)
[2024-07-25T15:17:45.324+0200] GC(53) Survivor regions: 8->8(11)
[2024-07-25T15:17:45.324+0200] GC(53) Old regions: 60->61
[2024-07-25T15:17:45.324+0200] GC(53) Humongous regions: 0->0
[2024-07-25T15:17:45.324+0200] GC(53) Metaspace: 48155K(48704K)->48155K(48704K) NonClass: 42279K(42560K)->42279K(42560K) Class: 5876K(6144K)->5876K(6144K)
[2024-07-25T15:17:45.324+0200] GC(53) Pause Young (Normal) (G1 Evacuation Pause) 143M->68M(161M) 2.872ms
[2024-07-25T15:17:45.324+0200] GC(53) User=0.02s Sys=0.00s Real=0.00s
[2024-07-25T15:17:45.536+0200] GC(54) Pause Young (Normal) (G1 Evacuation Pause)
[2024-07-25T15:17:45.536+0200] GC(54) Using 8 workers of 8 for evacuation
[2024-07-25T15:17:45.540+0200] GC(54)   Pre Evacuate Collection Set: 0.1ms
[2024-07-25T15:17:45.540+0200] GC(54)   Merge Heap Roots: 0.1ms
[2024-07-25T15:17:45.540+0200] GC(54)   Evacuate Collection Set: 3.6ms
[2024-07-25T15:17:45.540+0200] GC(54)   Post Evacuate Collection Set: 0.2ms
[2024-07-25T15:17:45.540+0200] GC(54)   Other: 0.1ms
[2024-07-25T15:17:45.540+0200] GC(54) Eden regions: 75->0(73)
[2024-07-25T15:17:45.540+0200] GC(54) Survivor regions: 8->8(11)
[2024-07-25T15:17:45.540+0200] GC(54) Old regions: 61->63
[2024-07-25T15:17:45.540+0200] GC(54) Humongous regions: 0->0
[2024-07-25T15:17:45.540+0200] GC(54) Metaspace: 48179K(48768K)->48179K(48768K) NonClass: 42303K(42624K)->42303K(42624K) Class: 5876K(6144K)->5876K(6144K)
[2024-07-25T15:17:45.540+0200] GC(54) Pause Young (Normal) (G1 Evacuation Pause) 143M->69M(161M) 4.255ms
[2024-07-25T15:17:45.540+0200] GC(54) User=0.02s Sys=0.00s Real=0.01s
[2024-07-25T15:17:45.782+0200] GC(55) Pause Young (Normal) (G1 Evacuation Pause)
[2024-07-25T15:17:45.782+0200] GC(55) Using 8 workers of 8 for evacuation
[2024-07-25T15:17:45.784+0200] GC(55)   Pre Evacuate Collection Set: 0.1ms
[2024-07-25T15:17:45.784+0200] GC(55)   Merge Heap Roots: 0.0ms
[2024-07-25T15:17:45.784+0200] GC(55)   Evacuate Collection Set: 1.9ms
[2024-07-25T15:17:45.784+0200] GC(55)   Post Evacuate Collection Set: 0.2ms
[2024-07-25T15:17:45.784+0200] GC(55)   Other: 0.0ms
[2024-07-25T15:17:45.784+0200] GC(55) Eden regions: 73->0(72)
[2024-07-25T15:17:45.784+0200] GC(55) Survivor regions: 8->8(11)
[2024-07-25T15:17:45.784+0200] GC(55) Old regions: 63->64
[2024-07-25T15:17:45.784+0200] GC(55) Humongous regions: 0->0
[2024-07-25T15:17:45.784+0200] GC(55) Metaspace: 48179K(48768K)->48179K(48768K) NonClass: 42303K(42624K)->42303K(42624K) Class: 5876K(6144K)->5876K(6144K)
[2024-07-25T15:17:45.784+0200] GC(55) Pause Young (Normal) (G1 Evacuation Pause) 142M->71M(161M) 2.321ms
[2024-07-25T15:17:45.784+0200] GC(55) User=0.01s Sys=0.00s Real=0.00s
[2024-07-25T15:17:45.978+0200] GC(56) Pause Young (Normal) (G1 Evacuation Pause)
[2024-07-25T15:17:45.978+0200] GC(56) Using 8 workers of 8 for evacuation
[2024-07-25T15:17:45.980+0200] GC(56)   Pre Evacuate Collection Set: 0.2ms
[2024-07-25T15:17:45.980+0200] GC(56)   Merge Heap Roots: 0.1ms
[2024-07-25T15:17:45.980+0200] GC(56)   Evacuate Collection Set: 2.0ms
[2024-07-25T15:17:45.980+0200] GC(56)   Post Evacuate Collection Set: 0.1ms
[2024-07-25T15:17:45.980+0200] GC(56)   Other: 0.0ms
[2024-07-25T15:17:45.980+0200] GC(56) Eden regions: 72->0(71)
[2024-07-25T15:17:45.980+0200] GC(56) Survivor regions: 8->7(10)
[2024-07-25T15:17:45.980+0200] GC(56) Old regions: 64->67
[2024-07-25T15:17:45.980+0200] GC(56) Humongous regions: 0->0
[2024-07-25T15:17:45.980+0200] GC(56) Metaspace: 48179K(48768K)->48179K(48768K) NonClass: 42303K(42624K)->42303K(42624K) Class: 5876K(6144K)->5876K(6144K)
[2024-07-25T15:17:45.980+0200] GC(56) Pause Young (Normal) (G1 Evacuation Pause) 143M->72M(161M) 2.525ms
[2024-07-25T15:17:45.980+0200] GC(56) User=0.01s Sys=0.00s Real=0.00s
[2024-07-25T15:17:46.173+0200] GC(57) Pause Young (Normal) (G1 Evacuation Pause)
[2024-07-25T15:17:46.173+0200] GC(57) Using 8 workers of 8 for evacuation
[2024-07-25T15:17:46.176+0200] GC(57)   Pre Evacuate Collection Set: 0.1ms
[2024-07-25T15:17:46.176+0200] GC(57)   Merge Heap Roots: 0.0ms
[2024-07-25T15:17:46.176+0200] GC(57)   Evacuate Collection Set: 2.3ms
[2024-07-25T15:17:46.176+0200] GC(57)   Post Evacuate Collection Set: 0.2ms
[2024-07-25T15:17:46.176+0200] GC(57)   Other: 0.1ms
[2024-07-25T15:17:46.176+0200] GC(57) Eden regions: 71->0(71)
[2024-07-25T15:17:46.176+0200] GC(57) Survivor regions: 7->6(10)
[2024-07-25T15:17:46.176+0200] GC(57) Old regions: 67->69
[2024-07-25T15:17:46.176+0200] GC(57) Humongous regions: 0->0
[2024-07-25T15:17:46.176+0200] GC(57) Metaspace: 48201K(48768K)->48201K(48768K) NonClass: 42324K(42624K)->42324K(42624K) Class: 5876K(6144K)->5876K(6144K)
[2024-07-25T15:17:46.176+0200] GC(57) Pause Young (Normal) (G1 Evacuation Pause) 143M->73M(161M) 2.943ms
[2024-07-25T15:17:46.176+0200] GC(57) User=0.02s Sys=0.00s Real=0.00s
[2024-07-25T15:17:46.368+0200] GC(58) Pause Young (Normal) (G1 Evacuation Pause)
[2024-07-25T15:17:46.368+0200] GC(58) Using 8 workers of 8 for evacuation
[2024-07-25T15:17:46.370+0200] GC(58)   Pre Evacuate Collection Set: 0.1ms
[2024-07-25T15:17:46.370+0200] GC(58)   Merge Heap Roots: 0.0ms
[2024-07-25T15:17:46.370+0200] GC(58)   Evacuate Collection Set: 1.9ms
[2024-07-25T15:17:46.370+0200] GC(58)   Post Evacuate Collection Set: 0.2ms
[2024-07-25T15:17:46.370+0200] GC(58)   Other: 0.0ms
[2024-07-25T15:17:46.370+0200] GC(58) Eden regions: 71->0(70)
[2024-07-25T15:17:46.370+0200] GC(58) Survivor regions: 6->6(10)
[2024-07-25T15:17:46.370+0200] GC(58) Old regions: 69->70
[2024-07-25T15:17:46.370+0200] GC(58) Humongous regions: 0->0
[2024-07-25T15:17:46.370+0200] GC(58) Metaspace: 48592K(49152K)->48592K(49152K) NonClass: 42716K(43008K)->42716K(43008K) Class: 5876K(6144K)->5876K(6144K)
[2024-07-25T15:17:46.370+0200] GC(58) Pause Young (Normal) (G1 Evacuation Pause) 144M->75M(161M) 2.404ms
[2024-07-25T15:17:46.370+0200] GC(58) User=0.01s Sys=0.00s Real=0.01s
[2024-07-25T15:17:46.564+0200] GC(59) Pause Young (Normal) (G1 Evacuation Pause)
[2024-07-25T15:17:46.564+0200] GC(59) Using 8 workers of 8 for evacuation
[2024-07-25T15:17:46.566+0200] GC(59)   Pre Evacuate Collection Set: 0.2ms
[2024-07-25T15:17:46.566+0200] GC(59)   Merge Heap Roots: 0.0ms
[2024-07-25T15:17:46.566+0200] GC(59)   Evacuate Collection Set: 1.7ms
[2024-07-25T15:17:46.566+0200] GC(59)   Post Evacuate Collection Set: 0.1ms
[2024-07-25T15:17:46.566+0200] GC(59)   Other: 0.0ms
[2024-07-25T15:17:46.566+0200] GC(59) Eden regions: 70->0(68)
[2024-07-25T15:17:46.566+0200] GC(59) Survivor regions: 6->7(10)
[2024-07-25T15:17:46.566+0200] GC(59) Old regions: 70->70
[2024-07-25T15:17:46.566+0200] GC(59) Humongous regions: 0->0
[2024-07-25T15:17:46.566+0200] GC(59) Metaspace: 48592K(49152K)->48592K(49152K) NonClass: 42716K(43008K)->42716K(43008K) Class: 5876K(6144K)->5876K(6144K)
[2024-07-25T15:17:46.566+0200] GC(59) Pause Young (Normal) (G1 Evacuation Pause) 145M->76M(161M) 2.200ms
[2024-07-25T15:17:46.566+0200] GC(59) User=0.01s Sys=0.00s Real=0.00s
[2024-07-25T15:17:46.758+0200] GC(60) Pause Young (Normal) (G1 Evacuation Pause)
[2024-07-25T15:17:46.758+0200] GC(60) Using 8 workers of 8 for evacuation
[2024-07-25T15:17:46.761+0200] GC(60)   Pre Evacuate Collection Set: 0.1ms
[2024-07-25T15:17:46.761+0200] GC(60)   Merge Heap Roots: 0.0ms
[2024-07-25T15:17:46.761+0200] GC(60)   Evacuate Collection Set: 2.4ms
[2024-07-25T15:17:46.761+0200] GC(60)   Post Evacuate Collection Set: 0.2ms
[2024-07-25T15:17:46.761+0200] GC(60)   Other: 0.0ms
[2024-07-25T15:17:46.761+0200] GC(60) Eden regions: 68->0(66)
[2024-07-25T15:17:46.761+0200] GC(60) Survivor regions: 7->7(10)
[2024-07-25T15:17:46.761+0200] GC(60) Old regions: 70->72
[2024-07-25T15:17:46.761+0200] GC(60) Humongous regions: 0->0
[2024-07-25T15:17:46.761+0200] GC(60) Metaspace: 48592K(49152K)->48592K(49152K) NonClass: 42716K(43008K)->42716K(43008K) Class: 5876K(6144K)->5876K(6144K)
[2024-07-25T15:17:46.761+0200] GC(60) Pause Young (Normal) (G1 Evacuation Pause) 144M->77M(161M) 2.915ms
[2024-07-25T15:17:46.761+0200] GC(60) User=0.02s Sys=0.00s Real=0.00s
[2024-07-25T15:17:46.932+0200] GC(61) Pause Young (Normal) (G1 Evacuation Pause)
[2024-07-25T15:17:46.932+0200] GC(61) Using 8 workers of 8 for evacuation
[2024-07-25T15:17:46.934+0200] GC(61)   Pre Evacuate Collection Set: 0.1ms
[2024-07-25T15:17:46.934+0200] GC(61)   Merge Heap Roots: 0.0ms
[2024-07-25T15:17:46.934+0200] GC(61)   Evacuate Collection Set: 1.9ms
[2024-07-25T15:17:46.934+0200] GC(61)   Post Evacuate Collection Set: 0.2ms
[2024-07-25T15:17:46.934+0200] GC(61)   Other: 0.0ms
[2024-07-25T15:17:46.934+0200] GC(61) Eden regions: 66->0(65)
[2024-07-25T15:17:46.934+0200] GC(61) Survivor regions: 7->7(10)
[2024-07-25T15:17:46.934+0200] GC(61) Old regions: 72->73
[2024-07-25T15:17:46.934+0200] GC(61) Humongous regions: 0->0
[2024-07-25T15:17:46.934+0200] GC(61) Metaspace: 48592K(49152K)->48592K(49152K) NonClass: 42716K(43008K)->42716K(43008K) Class: 5876K(6144K)->5876K(6144K)
[2024-07-25T15:17:46.934+0200] GC(61) Pause Young (Normal) (G1 Evacuation Pause) 143M->78M(161M) 2.349ms
[2024-07-25T15:17:46.934+0200] GC(61) User=0.01s Sys=0.00s Real=0.00s
[2024-07-25T15:17:47.138+0200] GC(62) Pause Young (Concurrent Start) (G1 Evacuation Pause)
[2024-07-25T15:17:47.138+0200] GC(62) Using 8 workers of 8 for evacuation
[2024-07-25T15:17:47.141+0200] GC(62)   Pre Evacuate Collection Set: 0.2ms
[2024-07-25T15:17:47.141+0200] GC(62)   Merge Heap Roots: 0.1ms
[2024-07-25T15:17:47.141+0200] GC(62)   Evacuate Collection Set: 2.1ms
[2024-07-25T15:17:47.141+0200] GC(62)   Post Evacuate Collection Set: 0.2ms
[2024-07-25T15:17:47.141+0200] GC(62)   Other: 0.1ms
[2024-07-25T15:17:47.141+0200] GC(62) Eden regions: 65->0(65)
[2024-07-25T15:17:47.141+0200] GC(62) Survivor regions: 7->6(9)
[2024-07-25T15:17:47.141+0200] GC(62) Old regions: 73->75
[2024-07-25T15:17:47.141+0200] GC(62) Humongous regions: 0->0
[2024-07-25T15:17:47.141+0200] GC(62) Metaspace: 48592K(49152K)->48592K(49152K) NonClass: 42716K(43008K)->42716K(43008K) Class: 5876K(6144K)->5876K(6144K)
[2024-07-25T15:17:47.141+0200] GC(62) Pause Young (Concurrent Start) (G1 Evacuation Pause) 143M->80M(161M) 2.896ms
[2024-07-25T15:17:47.141+0200] GC(62) User=0.02s Sys=0.00s Real=0.00s
[2024-07-25T15:17:47.141+0200] GC(63) Concurrent Mark Cycle
[2024-07-25T15:17:47.141+0200] GC(63) Concurrent Scan Root Regions
[2024-07-25T15:17:47.143+0200] GC(63) Concurrent Scan Root Regions 1.450ms
[2024-07-25T15:17:47.143+0200] GC(63) Concurrent Mark
[2024-07-25T15:17:47.143+0200] GC(63) Concurrent Mark From Roots
[2024-07-25T15:17:47.143+0200] GC(63) Using 2 workers of 2 for marking
[2024-07-25T15:17:47.182+0200] GC(63) Concurrent Mark From Roots 39.286ms
[2024-07-25T15:17:47.182+0200] GC(63) Concurrent Preclean
[2024-07-25T15:17:47.182+0200] GC(63) Concurrent Preclean 0.036ms
[2024-07-25T15:17:47.182+0200] GC(63) Pause Remark
[2024-07-25T15:17:47.190+0200] GC(63) Pause Remark 89M->89M(161M) 8.186ms
[2024-07-25T15:17:47.190+0200] GC(63) User=0.04s Sys=0.00s Real=0.01s
[2024-07-25T15:17:47.190+0200] GC(63) Concurrent Mark 47.742ms
[2024-07-25T15:17:47.190+0200] GC(63) Concurrent Rebuild Remembered Sets and Scrub Regions
[2024-07-25T15:17:47.210+0200] GC(63) Concurrent Rebuild Remembered Sets and Scrub Regions 19.179ms
[2024-07-25T15:17:47.210+0200] GC(63) Pause Cleanup
[2024-07-25T15:17:47.210+0200] GC(63) Pause Cleanup 91M->91M(161M) 0.121ms
[2024-07-25T15:17:47.210+0200] GC(63) User=0.00s Sys=0.00s Real=0.00s
[2024-07-25T15:17:47.210+0200] GC(63) Concurrent Clear Claimed Marks
[2024-07-25T15:17:47.210+0200] GC(63) Concurrent Clear Claimed Marks 0.057ms
[2024-07-25T15:17:47.210+0200] GC(63) Concurrent Cleanup for Next Mark
[2024-07-25T15:17:47.211+0200] GC(63) Concurrent Cleanup for Next Mark 0.573ms
[2024-07-25T15:17:47.211+0200] GC(63) Concurrent Mark Cycle 69.453ms
[2024-07-25T15:17:47.346+0200] GC(64) Pause Young (Prepare Mixed) (G1 Evacuation Pause)
[2024-07-25T15:17:47.346+0200] GC(64) Using 8 workers of 8 for evacuation
[2024-07-25T15:17:47.349+0200] GC(64)   Pre Evacuate Collection Set: 0.2ms
[2024-07-25T15:17:47.349+0200] GC(64)   Merge Heap Roots: 0.1ms
[2024-07-25T15:17:47.349+0200] GC(64)   Evacuate Collection Set: 2.5ms
[2024-07-25T15:17:47.349+0200] GC(64)   Post Evacuate Collection Set: 0.2ms
[2024-07-25T15:17:47.349+0200] GC(64)   Other: 0.1ms
[2024-07-25T15:17:47.349+0200] GC(64) Eden regions: 65->0(65)
[2024-07-25T15:17:47.349+0200] GC(64) Survivor regions: 6->5(9)
[2024-07-25T15:17:47.349+0200] GC(64) Old regions: 75->77
[2024-07-25T15:17:47.349+0200] GC(64) Humongous regions: 0->0
[2024-07-25T15:17:47.349+0200] GC(64) Metaspace: 48594K(49152K)->48594K(49152K) NonClass: 42717K(43008K)->42717K(43008K) Class: 5877K(6144K)->5877K(6144K)
[2024-07-25T15:17:47.349+0200] GC(64) Pause Young (Prepare Mixed) (G1 Evacuation Pause) 145M->81M(161M) 3.223ms
[2024-07-25T15:17:47.349+0200] GC(64) User=0.02s Sys=0.00s Real=0.01s
[2024-07-25T15:17:47.524+0200] GC(65) Pause Young (Mixed) (G1 Evacuation Pause)
[2024-07-25T15:17:47.524+0200] GC(65) Using 8 workers of 8 for evacuation
[2024-07-25T15:17:47.529+0200] GC(65)   Pre Evacuate Collection Set: 0.1ms
[2024-07-25T15:17:47.529+0200] GC(65)   Merge Heap Roots: 0.0ms
[2024-07-25T15:17:47.529+0200] GC(65)   Evacuate Collection Set: 4.3ms
[2024-07-25T15:17:47.529+0200] GC(65)   Post Evacuate Collection Set: 0.6ms
[2024-07-25T15:17:47.529+0200] GC(65)   Other: 0.0ms
[2024-07-25T15:17:47.529+0200] GC(65) Eden regions: 65->0(93)
[2024-07-25T15:17:47.529+0200] GC(65) Survivor regions: 5->7(9)
[2024-07-25T15:17:47.529+0200] GC(65) Old regions: 77->76
[2024-07-25T15:17:47.529+0200] GC(65) Humongous regions: 0->0
[2024-07-25T15:17:47.529+0200] GC(65) Metaspace: 48594K(49152K)->48594K(49152K) NonClass: 42717K(43008K)->42717K(43008K) Class: 5877K(6144K)->5877K(6144K)
[2024-07-25T15:17:47.529+0200] GC(65) Pause Young (Mixed) (G1 Evacuation Pause) 146M->81M(194M) 5.293ms
[2024-07-25T15:17:47.529+0200] GC(65) User=0.03s Sys=0.00s Real=0.01s
[2024-07-25T15:17:47.823+0200] GC(66) Pause Young (Normal) (G1 Evacuation Pause)
[2024-07-25T15:17:47.823+0200] GC(66) Using 8 workers of 8 for evacuation
[2024-07-25T15:17:47.826+0200] GC(66)   Pre Evacuate Collection Set: 0.1ms
[2024-07-25T15:17:47.826+0200] GC(66)   Merge Heap Roots: 0.0ms
[2024-07-25T15:17:47.826+0200] GC(66)   Evacuate Collection Set: 2.9ms
[2024-07-25T15:17:47.826+0200] GC(66)   Post Evacuate Collection Set: 0.2ms
[2024-07-25T15:17:47.826+0200] GC(66)   Other: 0.1ms
[2024-07-25T15:17:47.826+0200] GC(66) Eden regions: 93->0(91)
[2024-07-25T15:17:47.826+0200] GC(66) Survivor regions: 7->8(13)
[2024-07-25T15:17:47.826+0200] GC(66) Old regions: 76->76
[2024-07-25T15:17:47.826+0200] GC(66) Humongous regions: 0->0
[2024-07-25T15:17:47.826+0200] GC(66) Metaspace: 48594K(49152K)->48594K(49152K) NonClass: 42717K(43008K)->42717K(43008K) Class: 5877K(6144K)->5877K(6144K)
[2024-07-25T15:17:47.826+0200] GC(66) Pause Young (Normal) (G1 Evacuation Pause) 174M->83M(194M) 3.460ms
[2024-07-25T15:17:47.826+0200] GC(66) User=0.02s Sys=0.00s Real=0.00s
[2024-07-25T15:17:48.064+0200] GC(67) Pause Young (Normal) (G1 Evacuation Pause)
[2024-07-25T15:17:48.064+0200] GC(67) Using 8 workers of 8 for evacuation
[2024-07-25T15:17:48.069+0200] GC(67)   Pre Evacuate Collection Set: 0.2ms
[2024-07-25T15:17:48.069+0200] GC(67)   Merge Heap Roots: 0.0ms
[2024-07-25T15:17:48.069+0200] GC(67)   Evacuate Collection Set: 3.2ms
[2024-07-25T15:17:48.069+0200] GC(67)   Post Evacuate Collection Set: 0.2ms
[2024-07-25T15:17:48.069+0200] GC(67)   Other: 2.1ms
[2024-07-25T15:17:48.069+0200] GC(67) Eden regions: 91->0(88)
[2024-07-25T15:17:48.069+0200] GC(67) Survivor regions: 8->9(13)
[2024-07-25T15:17:48.070+0200] GC(67) Old regions: 76->77
[2024-07-25T15:17:48.070+0200] GC(67) Humongous regions: 0->0
[2024-07-25T15:17:48.070+0200] GC(67) Metaspace: 48594K(49152K)->48594K(49152K) NonClass: 42717K(43008K)->42717K(43008K) Class: 5877K(6144K)->5877K(6144K)
[2024-07-25T15:17:48.070+0200] GC(67) Pause Young (Normal) (G1 Evacuation Pause) 174M->85M(194M) 6.460ms
[2024-07-25T15:17:48.070+0200] GC(67) User=0.02s Sys=0.01s Real=0.01s
[2024-07-25T15:17:48.347+0200] GC(68) Pause Young (Concurrent Start) (G1 Evacuation Pause)
[2024-07-25T15:17:48.347+0200] GC(68) Using 8 workers of 8 for evacuation
[2024-07-25T15:17:48.350+0200] GC(68)   Pre Evacuate Collection Set: 0.1ms
[2024-07-25T15:17:48.350+0200] GC(68)   Merge Heap Roots: 0.0ms
[2024-07-25T15:17:48.350+0200] GC(68)   Evacuate Collection Set: 2.4ms
[2024-07-25T15:17:48.350+0200] GC(68)   Post Evacuate Collection Set: 0.2ms
[2024-07-25T15:17:48.350+0200] GC(68)   Other: 0.1ms
[2024-07-25T15:17:48.350+0200] GC(68) Eden regions: 88->0(87)
[2024-07-25T15:17:48.350+0200] GC(68) Survivor regions: 9->9(13)
[2024-07-25T15:17:48.350+0200] GC(68) Old regions: 77->78
[2024-07-25T15:17:48.350+0200] GC(68) Humongous regions: 0->0
[2024-07-25T15:17:48.350+0200] GC(68) Metaspace: 48611K(49152K)->48611K(49152K) NonClass: 42734K(43008K)->42734K(43008K) Class: 5877K(6144K)->5877K(6144K)
[2024-07-25T15:17:48.350+0200] GC(68) Pause Young (Concurrent Start) (G1 Evacuation Pause) 173M->86M(194M) 2.873ms
[2024-07-25T15:17:48.350+0200] GC(68) User=0.02s Sys=0.00s Real=0.01s
[2024-07-25T15:17:48.350+0200] GC(69) Concurrent Mark Cycle
[2024-07-25T15:17:48.350+0200] GC(69) Concurrent Scan Root Regions
[2024-07-25T15:17:48.351+0200] GC(69) Concurrent Scan Root Regions 1.794ms
[2024-07-25T15:17:48.351+0200] GC(69) Concurrent Mark
[2024-07-25T15:17:48.351+0200] GC(69) Concurrent Mark From Roots
[2024-07-25T15:17:48.351+0200] GC(69) Using 2 workers of 2 for marking
[2024-07-25T15:17:48.390+0200] GC(69) Concurrent Mark From Roots 38.708ms
[2024-07-25T15:17:48.390+0200] GC(69) Concurrent Preclean
[2024-07-25T15:17:48.390+0200] GC(69) Concurrent Preclean 0.051ms
[2024-07-25T15:17:48.390+0200] GC(69) Pause Remark
[2024-07-25T15:17:48.398+0200] GC(69) Pause Remark 98M->98M(194M) 8.039ms
[2024-07-25T15:17:48.398+0200] GC(69) User=0.02s Sys=0.00s Real=0.01s
[2024-07-25T15:17:48.398+0200] GC(69) Concurrent Mark 46.969ms
[2024-07-25T15:17:48.398+0200] GC(69) Concurrent Rebuild Remembered Sets and Scrub Regions
[2024-07-25T15:17:48.415+0200] GC(69) Concurrent Rebuild Remembered Sets and Scrub Regions 16.713ms
[2024-07-25T15:17:48.415+0200] GC(69) Pause Cleanup
[2024-07-25T15:17:48.415+0200] GC(69) Pause Cleanup 103M->103M(194M) 0.119ms
[2024-07-25T15:17:48.415+0200] GC(69) User=0.00s Sys=0.00s Real=0.00s
[2024-07-25T15:17:48.415+0200] GC(69) Concurrent Clear Claimed Marks
[2024-07-25T15:17:48.416+0200] GC(69) Concurrent Clear Claimed Marks 0.051ms
[2024-07-25T15:17:48.416+0200] GC(69) Concurrent Cleanup for Next Mark
[2024-07-25T15:17:48.416+0200] GC(69) Concurrent Cleanup for Next Mark 0.209ms
[2024-07-25T15:17:48.416+0200] GC(69) Concurrent Mark Cycle 66.148ms
[2024-07-25T15:17:48.602+0200] GC(70) Pause Young (Prepare Mixed) (G1 Evacuation Pause)
[2024-07-25T15:17:48.602+0200] GC(70) Using 8 workers of 8 for evacuation
[2024-07-25T15:17:48.605+0200] GC(70)   Pre Evacuate Collection Set: 0.1ms
[2024-07-25T15:17:48.605+0200] GC(70)   Merge Heap Roots: 0.1ms
[2024-07-25T15:17:48.605+0200] GC(70)   Evacuate Collection Set: 2.6ms
[2024-07-25T15:17:48.605+0200] GC(70)   Post Evacuate Collection Set: 0.2ms
[2024-07-25T15:17:48.605+0200] GC(70)   Other: 0.0ms
[2024-07-25T15:17:48.605+0200] GC(70) Eden regions: 87->0(86)
[2024-07-25T15:17:48.605+0200] GC(70) Survivor regions: 9->8(12)
[2024-07-25T15:17:48.605+0200] GC(70) Old regions: 78->81
[2024-07-25T15:17:48.605+0200] GC(70) Humongous regions: 0->0
[2024-07-25T15:17:48.605+0200] GC(70) Metaspace: 48611K(49152K)->48611K(49152K) NonClass: 42734K(43008K)->42734K(43008K) Class: 5877K(6144K)->5877K(6144K)
[2024-07-25T15:17:48.605+0200] GC(70) Pause Young (Prepare Mixed) (G1 Evacuation Pause) 173M->88M(194M) 3.261ms
[2024-07-25T15:17:48.605+0200] GC(70) User=0.02s Sys=0.00s Real=0.00s
[2024-07-25T15:17:48.826+0200] GC(71) Pause Young (Mixed) (G1 Evacuation Pause)
[2024-07-25T15:17:48.826+0200] GC(71) Using 8 workers of 8 for evacuation
[2024-07-25T15:17:48.830+0200] GC(71)   Pre Evacuate Collection Set: 0.1ms
[2024-07-25T15:17:48.830+0200] GC(71)   Merge Heap Roots: 0.1ms
[2024-07-25T15:17:48.830+0200] GC(71)   Evacuate Collection Set: 3.4ms
[2024-07-25T15:17:48.830+0200] GC(71)   Post Evacuate Collection Set: 0.2ms
[2024-07-25T15:17:48.830+0200] GC(71)   Other: 0.0ms
[2024-07-25T15:17:48.830+0200] GC(71) Eden regions: 86->0(86)
[2024-07-25T15:17:48.830+0200] GC(71) Survivor regions: 8->7(12)
[2024-07-25T15:17:48.830+0200] GC(71) Old regions: 81->83
[2024-07-25T15:17:48.830+0200] GC(71) Humongous regions: 0->0
[2024-07-25T15:17:48.830+0200] GC(71) Metaspace: 48611K(49152K)->48611K(49152K) NonClass: 42734K(43008K)->42734K(43008K) Class: 5877K(6144K)->5877K(6144K)
[2024-07-25T15:17:48.830+0200] GC(71) Pause Young (Mixed) (G1 Evacuation Pause) 174M->89M(194M) 4.042ms
[2024-07-25T15:17:48.830+0200] GC(71) User=0.02s Sys=0.00s Real=0.01s
[2024-07-25T15:17:49.044+0200] GC(72) Pause Young (Concurrent Start) (G1 Evacuation Pause)
[2024-07-25T15:17:49.044+0200] GC(72) Using 8 workers of 8 for evacuation
[2024-07-25T15:17:49.048+0200] GC(72)   Pre Evacuate Collection Set: 0.1ms
[2024-07-25T15:17:49.048+0200] GC(72)   Merge Heap Roots: 0.0ms
[2024-07-25T15:17:49.048+0200] GC(72)   Evacuate Collection Set: 3.2ms
[2024-07-25T15:17:49.048+0200] GC(72)   Post Evacuate Collection Set: 0.2ms
[2024-07-25T15:17:49.048+0200] GC(72)   Other: 0.1ms
[2024-07-25T15:17:49.048+0200] GC(72) Eden regions: 86->0(82)
[2024-07-25T15:17:49.048+0200] GC(72) Survivor regions: 7->9(12)
[2024-07-25T15:17:49.048+0200] GC(72) Old regions: 83->83
[2024-07-25T15:17:49.048+0200] GC(72) Humongous regions: 0->0
[2024-07-25T15:17:49.048+0200] GC(72) Metaspace: 48611K(49152K)->48611K(49152K) NonClass: 42734K(43008K)->42734K(43008K) Class: 5877K(6144K)->5877K(6144K)
[2024-07-25T15:17:49.048+0200] GC(72) Pause Young (Concurrent Start) (G1 Evacuation Pause) 175M->91M(194M) 3.710ms
[2024-07-25T15:17:49.048+0200] GC(73) Concurrent Mark Cycle
[2024-07-25T15:17:49.048+0200] GC(72) User=0.02s Sys=0.00s Real=0.00s
[2024-07-25T15:17:49.048+0200] GC(73) Concurrent Scan Root Regions
[2024-07-25T15:17:49.050+0200] GC(73) Concurrent Scan Root Regions 1.976ms
[2024-07-25T15:17:49.050+0200] GC(73) Concurrent Mark
[2024-07-25T15:17:49.050+0200] GC(73) Concurrent Mark From Roots
[2024-07-25T15:17:49.050+0200] GC(73) Using 2 workers of 2 for marking
[2024-07-25T15:17:49.095+0200] GC(73) Concurrent Mark From Roots 45.611ms
[2024-07-25T15:17:49.095+0200] GC(73) Concurrent Preclean
[2024-07-25T15:17:49.095+0200] GC(73) Concurrent Preclean 0.038ms
[2024-07-25T15:17:49.095+0200] GC(73) Pause Remark
[2024-07-25T15:17:49.099+0200] GC(73) Pause Remark 106M->106M(194M) 3.619ms
[2024-07-25T15:17:49.099+0200] GC(73) User=0.03s Sys=0.00s Real=0.01s
[2024-07-25T15:17:49.099+0200] GC(73) Concurrent Mark 49.426ms
[2024-07-25T15:17:49.099+0200] GC(73) Concurrent Rebuild Remembered Sets and Scrub Regions
[2024-07-25T15:17:49.118+0200] GC(73) Concurrent Rebuild Remembered Sets and Scrub Regions 19.175ms
[2024-07-25T15:17:49.118+0200] GC(73) Pause Cleanup
[2024-07-25T15:17:49.118+0200] GC(73) Pause Cleanup 111M->111M(194M) 0.132ms
[2024-07-25T15:17:49.119+0200] GC(73) User=0.00s Sys=0.00s Real=0.00s
[2024-07-25T15:17:49.119+0200] GC(73) Concurrent Clear Claimed Marks
[2024-07-25T15:17:49.119+0200] GC(73) Concurrent Clear Claimed Marks 0.055ms
[2024-07-25T15:17:49.119+0200] GC(73) Concurrent Cleanup for Next Mark
[2024-07-25T15:17:49.119+0200] GC(73) Concurrent Cleanup for Next Mark 0.111ms
[2024-07-25T15:17:49.119+0200] GC(73) Concurrent Mark Cycle 71.071ms
[2024-07-25T15:17:49.276+0200] GC(74) Pause Young (Prepare Mixed) (G1 Evacuation Pause)
[2024-07-25T15:17:49.276+0200] GC(74) Using 8 workers of 8 for evacuation
[2024-07-25T15:17:49.278+0200] GC(74)   Pre Evacuate Collection Set: 0.1ms
[2024-07-25T15:17:49.279+0200] GC(74)   Merge Heap Roots: 0.1ms
[2024-07-25T15:17:49.279+0200] GC(74)   Evacuate Collection Set: 2.2ms
[2024-07-25T15:17:49.279+0200] GC(74)   Post Evacuate Collection Set: 0.2ms
[2024-07-25T15:17:49.279+0200] GC(74)   Other: 0.0ms
[2024-07-25T15:17:49.279+0200] GC(74) Eden regions: 82->0(80)
[2024-07-25T15:17:49.279+0200] GC(74) Survivor regions: 9->9(12)
[2024-07-25T15:17:49.279+0200] GC(74) Old regions: 83->85
[2024-07-25T15:17:49.279+0200] GC(74) Humongous regions: 0->0
[2024-07-25T15:17:49.279+0200] GC(74) Metaspace: 48611K(49152K)->48611K(49152K) NonClass: 42734K(43008K)->42734K(43008K) Class: 5877K(6144K)->5877K(6144K)
[2024-07-25T15:17:49.279+0200] GC(74) Pause Young (Prepare Mixed) (G1 Evacuation Pause) 173M->92M(194M) 2.712ms
[2024-07-25T15:17:49.279+0200] GC(74) User=0.02s Sys=0.00s Real=0.01s
[2024-07-25T15:17:49.475+0200] GC(75) Pause Young (Mixed) (G1 Evacuation Pause)
[2024-07-25T15:17:49.475+0200] GC(75) Using 8 workers of 8 for evacuation
[2024-07-25T15:17:49.478+0200] GC(75)   Pre Evacuate Collection Set: 0.1ms
[2024-07-25T15:17:49.478+0200] GC(75)   Merge Heap Roots: 0.1ms
[2024-07-25T15:17:49.478+0200] GC(75)   Evacuate Collection Set: 2.6ms
[2024-07-25T15:17:49.478+0200] GC(75)   Post Evacuate Collection Set: 0.5ms
[2024-07-25T15:17:49.478+0200] GC(75)   Other: 0.0ms
[2024-07-25T15:17:49.478+0200] GC(75) Eden regions: 80->0(118)
[2024-07-25T15:17:49.478+0200] GC(75) Survivor regions: 9->8(12)
[2024-07-25T15:17:49.478+0200] GC(75) Old regions: 85->86
[2024-07-25T15:17:49.478+0200] GC(75) Humongous regions: 0->0
[2024-07-25T15:17:49.478+0200] GC(75) Metaspace: 48611K(49152K)->48611K(49152K) NonClass: 42734K(43008K)->42734K(43008K) Class: 5877K(6144K)->5877K(6144K)
[2024-07-25T15:17:49.478+0200] GC(75) Pause Young (Mixed) (G1 Evacuation Pause) 172M->93M(233M) 3.521ms
[2024-07-25T15:17:49.478+0200] GC(75) User=0.02s Sys=0.00s Real=0.01s
[2024-07-25T15:17:49.781+0200] GC(76) Pause Young (Normal) (G1 Evacuation Pause)
[2024-07-25T15:17:49.781+0200] GC(76) Using 8 workers of 8 for evacuation
[2024-07-25T15:17:49.785+0200] GC(76)   Pre Evacuate Collection Set: 0.1ms
[2024-07-25T15:17:49.785+0200] GC(76)   Merge Heap Roots: 0.1ms
[2024-07-25T15:17:49.785+0200] GC(76)   Evacuate Collection Set: 3.3ms
[2024-07-25T15:17:49.785+0200] GC(76)   Post Evacuate Collection Set: 0.2ms
[2024-07-25T15:17:49.785+0200] GC(76)   Other: 0.1ms
[2024-07-25T15:17:49.785+0200] GC(76) Eden regions: 118->0(112)
[2024-07-25T15:17:49.785+0200] GC(76) Survivor regions: 8->11(16)
[2024-07-25T15:17:49.785+0200] GC(76) Old regions: 86->86
[2024-07-25T15:17:49.785+0200] GC(76) Humongous regions: 0->0
[2024-07-25T15:17:49.785+0200] GC(76) Metaspace: 48611K(49152K)->48611K(49152K) NonClass: 42734K(43008K)->42734K(43008K) Class: 5877K(6144K)->5877K(6144K)
[2024-07-25T15:17:49.785+0200] GC(76) Pause Young (Normal) (G1 Evacuation Pause) 211M->96M(233M) 3.924ms
[2024-07-25T15:17:49.785+0200] GC(76) User=0.03s Sys=0.00s Real=0.00s
[2024-07-25T15:17:50.057+0200] GC(77) Pause Young (Normal) (G1 Evacuation Pause)
[2024-07-25T15:17:50.057+0200] GC(77) Using 8 workers of 8 for evacuation
[2024-07-25T15:17:50.061+0200] GC(77)   Pre Evacuate Collection Set: 0.1ms
[2024-07-25T15:17:50.061+0200] GC(77)   Merge Heap Roots: 0.1ms
[2024-07-25T15:17:50.061+0200] GC(77)   Evacuate Collection Set: 3.2ms
[2024-07-25T15:17:50.061+0200] GC(77)   Post Evacuate Collection Set: 0.2ms
[2024-07-25T15:17:50.061+0200] GC(77)   Other: 0.1ms
[2024-07-25T15:17:50.061+0200] GC(77) Eden regions: 112->0(110)
[2024-07-25T15:17:50.061+0200] GC(77) Survivor regions: 11->11(16)
[2024-07-25T15:17:50.061+0200] GC(77) Old regions: 86->88
[2024-07-25T15:17:50.061+0200] GC(77) Humongous regions: 0->0
[2024-07-25T15:17:50.061+0200] GC(77) Metaspace: 48611K(49152K)->48611K(49152K) NonClass: 42734K(43008K)->42734K(43008K) Class: 5877K(6144K)->5877K(6144K)
[2024-07-25T15:17:50.061+0200] GC(77) Pause Young (Normal) (G1 Evacuation Pause) 208M->97M(233M) 3.761ms
[2024-07-25T15:17:50.061+0200] GC(77) User=0.02s Sys=0.01s Real=0.00s
[2024-07-25T15:17:50.324+0200] GC(78) Pause Young (Concurrent Start) (G1 Evacuation Pause)
[2024-07-25T15:17:50.324+0200] GC(78) Using 8 workers of 8 for evacuation
[2024-07-25T15:17:50.327+0200] GC(78)   Pre Evacuate Collection Set: 0.1ms
[2024-07-25T15:17:50.327+0200] GC(78)   Merge Heap Roots: 0.0ms
[2024-07-25T15:17:50.327+0200] GC(78)   Evacuate Collection Set: 2.9ms
[2024-07-25T15:17:50.327+0200] GC(78)   Post Evacuate Collection Set: 0.2ms
[2024-07-25T15:17:50.327+0200] GC(78)   Other: 0.1ms
[2024-07-25T15:17:50.327+0200] GC(78) Eden regions: 110->0(109)
[2024-07-25T15:17:50.327+0200] GC(78) Survivor regions: 11->10(16)
[2024-07-25T15:17:50.327+0200] GC(78) Old regions: 88->91
[2024-07-25T15:17:50.327+0200] GC(78) Humongous regions: 0->0
[2024-07-25T15:17:50.327+0200] GC(78) Metaspace: 48628K(49152K)->48628K(49152K) NonClass: 42750K(43008K)->42750K(43008K) Class: 5877K(6144K)->5877K(6144K)
[2024-07-25T15:17:50.327+0200] GC(78) Pause Young (Concurrent Start) (G1 Evacuation Pause) 207M->99M(233M) 3.498ms
[2024-07-25T15:17:50.327+0200] GC(79) Concurrent Mark Cycle
[2024-07-25T15:17:50.327+0200] GC(79) Concurrent Scan Root Regions
[2024-07-25T15:17:50.327+0200] GC(78) User=0.02s Sys=0.00s Real=0.00s
[2024-07-25T15:17:50.331+0200] GC(79) Concurrent Scan Root Regions 3.366ms
[2024-07-25T15:17:50.331+0200] GC(79) Concurrent Mark
[2024-07-25T15:17:50.331+0200] GC(79) Concurrent Mark From Roots
[2024-07-25T15:17:50.331+0200] GC(79) Using 2 workers of 2 for marking
[2024-07-25T15:17:50.377+0200] GC(79) Concurrent Mark From Roots 46.777ms
[2024-07-25T15:17:50.377+0200] GC(79) Concurrent Preclean
[2024-07-25T15:17:50.377+0200] GC(79) Concurrent Preclean 0.028ms
[2024-07-25T15:17:50.378+0200] GC(79) Pause Remark
[2024-07-25T15:17:50.380+0200] GC(79) Pause Remark 113M->113M(233M) 2.959ms
[2024-07-25T15:17:50.380+0200] GC(79) User=0.02s Sys=0.00s Real=0.00s
[2024-07-25T15:17:50.381+0200] GC(79) Concurrent Mark 50.022ms
[2024-07-25T15:17:50.381+0200] GC(79) Concurrent Rebuild Remembered Sets and Scrub Regions
[2024-07-25T15:17:50.401+0200] GC(79) Concurrent Rebuild Remembered Sets and Scrub Regions 20.514ms
[2024-07-25T15:17:50.401+0200] GC(79) Pause Cleanup
[2024-07-25T15:17:50.401+0200] GC(79) Pause Cleanup 117M->117M(233M) 0.143ms
[2024-07-25T15:17:50.401+0200] GC(79) User=0.00s Sys=0.00s Real=0.00s
[2024-07-25T15:17:50.401+0200] GC(79) Concurrent Clear Claimed Marks
[2024-07-25T15:17:50.401+0200] GC(79) Concurrent Clear Claimed Marks 0.044ms
[2024-07-25T15:17:50.401+0200] GC(79) Concurrent Cleanup for Next Mark
[2024-07-25T15:17:50.402+0200] GC(79) Concurrent Cleanup for Next Mark 0.248ms
[2024-07-25T15:17:50.402+0200] GC(79) Concurrent Mark Cycle 74.622ms
[2024-07-25T15:17:50.625+0200] GC(80) Pause Young (Prepare Mixed) (G1 Evacuation Pause)
[2024-07-25T15:17:50.625+0200] GC(80) Using 8 workers of 8 for evacuation
[2024-07-25T15:17:50.628+0200] GC(80)   Pre Evacuate Collection Set: 0.2ms
[2024-07-25T15:17:50.628+0200] GC(80)   Merge Heap Roots: 0.1ms
[2024-07-25T15:17:50.628+0200] GC(80)   Evacuate Collection Set: 2.9ms
[2024-07-25T15:17:50.628+0200] GC(80)   Post Evacuate Collection Set: 0.2ms
[2024-07-25T15:17:50.628+0200] GC(80)   Other: 0.0ms
[2024-07-25T15:17:50.628+0200] GC(80) Eden regions: 109->0(108)
[2024-07-25T15:17:50.628+0200] GC(80) Survivor regions: 10->10(15)
[2024-07-25T15:17:50.628+0200] GC(80) Old regions: 91->92
[2024-07-25T15:17:50.628+0200] GC(80) Humongous regions: 0->0
[2024-07-25T15:17:50.628+0200] GC(80) Metaspace: 48628K(49152K)->48628K(49152K) NonClass: 42750K(43008K)->42750K(43008K) Class: 5877K(6144K)->5877K(6144K)
[2024-07-25T15:17:50.628+0200] GC(80) Pause Young (Prepare Mixed) (G1 Evacuation Pause) 208M->101M(233M) 3.511ms
[2024-07-25T15:17:50.628+0200] GC(80) User=0.03s Sys=0.00s Real=0.00s
[2024-07-25T15:17:50.902+0200] GC(81) Pause Young (Mixed) (G1 Evacuation Pause)
[2024-07-25T15:17:50.902+0200] GC(81) Using 8 workers of 8 for evacuation
[2024-07-25T15:17:50.909+0200] GC(81)   Pre Evacuate Collection Set: 0.2ms
[2024-07-25T15:17:50.909+0200] GC(81)   Merge Heap Roots: 0.1ms
[2024-07-25T15:17:50.909+0200] GC(81)   Evacuate Collection Set: 5.7ms
[2024-07-25T15:17:50.909+0200] GC(81)   Post Evacuate Collection Set: 0.3ms
[2024-07-25T15:17:50.909+0200] GC(81)   Other: 0.1ms
[2024-07-25T15:17:50.909+0200] GC(81) Eden regions: 108->0(107)
[2024-07-25T15:17:50.909+0200] GC(81) Survivor regions: 10->9(15)
[2024-07-25T15:17:50.909+0200] GC(81) Old regions: 92->95
[2024-07-25T15:17:50.909+0200] GC(81) Humongous regions: 0->0
[2024-07-25T15:17:50.909+0200] GC(81) Metaspace: 48628K(49152K)->48628K(49152K) NonClass: 42750K(43008K)->42750K(43008K) Class: 5877K(6144K)->5877K(6144K)
[2024-07-25T15:17:50.909+0200] GC(81) Pause Young (Mixed) (G1 Evacuation Pause) 209M->103M(233M) 6.463ms
[2024-07-25T15:17:50.909+0200] GC(81) User=0.03s Sys=0.00s Real=0.01s
[2024-07-25T15:17:51.211+0200] GC(82) Pause Young (Concurrent Start) (G1 Evacuation Pause)
[2024-07-25T15:17:51.211+0200] GC(82) Using 8 workers of 8 for evacuation
[2024-07-25T15:17:51.214+0200] GC(82)   Pre Evacuate Collection Set: 0.1ms
[2024-07-25T15:17:51.214+0200] GC(82)   Merge Heap Roots: 0.0ms
[2024-07-25T15:17:51.214+0200] GC(82)   Evacuate Collection Set: 2.6ms
[2024-07-25T15:17:51.214+0200] GC(82)   Post Evacuate Collection Set: 0.2ms
[2024-07-25T15:17:51.215+0200] GC(82)   Other: 0.1ms
[2024-07-25T15:17:51.215+0200] GC(82) Eden regions: 107->0(103)
[2024-07-25T15:17:51.215+0200] GC(82) Survivor regions: 9->11(15)
[2024-07-25T15:17:51.215+0200] GC(82) Old regions: 95->95
[2024-07-25T15:17:51.215+0200] GC(82) Humongous regions: 0->0
[2024-07-25T15:17:51.215+0200] GC(82) Metaspace: 48628K(49152K)->48628K(49152K) NonClass: 42750K(43008K)->42750K(43008K) Class: 5877K(6144K)->5877K(6144K)
[2024-07-25T15:17:51.215+0200] GC(82) Pause Young (Concurrent Start) (G1 Evacuation Pause) 210M->105M(233M) 3.145ms
[2024-07-25T15:17:51.215+0200] GC(83) Concurrent Mark Cycle
[2024-07-25T15:17:51.215+0200] GC(83) Concurrent Scan Root Regions
[2024-07-25T15:17:51.215+0200] GC(82) User=0.02s Sys=0.00s Real=0.00s
[2024-07-25T15:17:51.216+0200] GC(83) Concurrent Scan Root Regions 1.777ms
[2024-07-25T15:17:51.216+0200] GC(83) Concurrent Mark
[2024-07-25T15:17:51.216+0200] GC(83) Concurrent Mark From Roots
[2024-07-25T15:17:51.216+0200] GC(83) Using 2 workers of 2 for marking
[2024-07-25T15:17:51.267+0200] GC(83) Concurrent Mark From Roots 50.652ms
[2024-07-25T15:17:51.267+0200] GC(83) Concurrent Preclean
[2024-07-25T15:17:51.267+0200] GC(83) Concurrent Preclean 0.024ms
[2024-07-25T15:17:51.267+0200] GC(83) Pause Remark
[2024-07-25T15:17:51.270+0200] GC(83) Pause Remark 120M->120M(233M) 2.704ms
[2024-07-25T15:17:51.270+0200] GC(83) User=0.01s Sys=0.00s Real=0.01s
[2024-07-25T15:17:51.270+0200] GC(83) Concurrent Mark 53.647ms
[2024-07-25T15:17:51.270+0200] GC(83) Concurrent Rebuild Remembered Sets and Scrub Regions
[2024-07-25T15:17:51.290+0200] GC(83) Concurrent Rebuild Remembered Sets and Scrub Regions 19.421ms
[2024-07-25T15:17:51.290+0200] GC(83) Pause Cleanup
[2024-07-25T15:17:51.290+0200] GC(83) Pause Cleanup 128M->128M(233M) 0.117ms
[2024-07-25T15:17:51.290+0200] GC(83) User=0.00s Sys=0.00s Real=0.00s
[2024-07-25T15:17:51.290+0200] GC(83) Concurrent Clear Claimed Marks
[2024-07-25T15:17:51.290+0200] GC(83) Concurrent Clear Claimed Marks 0.057ms
[2024-07-25T15:17:51.290+0200] GC(83) Concurrent Cleanup for Next Mark
[2024-07-25T15:17:51.290+0200] GC(83) Concurrent Cleanup for Next Mark 0.208ms
[2024-07-25T15:17:51.290+0200] GC(83) Concurrent Mark Cycle 75.562ms
[2024-07-25T15:17:51.502+0200] GC(84) Pause Young (Prepare Mixed) (G1 Evacuation Pause)
[2024-07-25T15:17:51.502+0200] GC(84) Using 8 workers of 8 for evacuation
[2024-07-25T15:17:51.506+0200] GC(84)   Pre Evacuate Collection Set: 0.2ms
[2024-07-25T15:17:51.506+0200] GC(84)   Merge Heap Roots: 0.1ms
[2024-07-25T15:17:51.506+0200] GC(84)   Evacuate Collection Set: 3.5ms
[2024-07-25T15:17:51.506+0200] GC(84)   Post Evacuate Collection Set: 0.2ms
[2024-07-25T15:17:51.506+0200] GC(84)   Other: 0.0ms
[2024-07-25T15:17:51.506+0200] GC(84) Eden regions: 103->0(103)
[2024-07-25T15:17:51.506+0200] GC(84) Survivor regions: 11->10(15)
[2024-07-25T15:17:51.506+0200] GC(84) Old regions: 95->97
[2024-07-25T15:17:51.506+0200] GC(84) Humongous regions: 0->0
[2024-07-25T15:17:51.506+0200] GC(84) Metaspace: 48628K(49152K)->48628K(49152K) NonClass: 42750K(43008K)->42750K(43008K) Class: 5877K(6144K)->5877K(6144K)
[2024-07-25T15:17:51.506+0200] GC(84) Pause Young (Prepare Mixed) (G1 Evacuation Pause) 208M->106M(233M) 4.121ms
[2024-07-25T15:17:51.506+0200] GC(84) User=0.02s Sys=0.00s Real=0.00s
[2024-07-25T15:17:51.777+0200] GC(85) Pause Young (Mixed) (G1 Evacuation Pause)
[2024-07-25T15:17:51.777+0200] GC(85) Using 8 workers of 8 for evacuation
[2024-07-25T15:17:51.781+0200] GC(85)   Pre Evacuate Collection Set: 0.2ms
[2024-07-25T15:17:51.781+0200] GC(85)   Merge Heap Roots: 0.1ms
[2024-07-25T15:17:51.781+0200] GC(85)   Evacuate Collection Set: 3.0ms
[2024-07-25T15:17:51.781+0200] GC(85)   Post Evacuate Collection Set: 0.2ms
[2024-07-25T15:17:51.781+0200] GC(85)   Other: 0.0ms
[2024-07-25T15:17:51.781+0200] GC(85) Eden regions: 103->0(101)
[2024-07-25T15:17:51.781+0200] GC(85) Survivor regions: 10->10(15)
[2024-07-25T15:17:51.781+0200] GC(85) Old regions: 97->99
[2024-07-25T15:17:51.781+0200] GC(85) Humongous regions: 0->0
[2024-07-25T15:17:51.781+0200] GC(85) Metaspace: 48628K(49152K)->48628K(49152K) NonClass: 42750K(43008K)->42750K(43008K) Class: 5877K(6144K)->5877K(6144K)
[2024-07-25T15:17:51.781+0200] GC(85) Pause Young (Mixed) (G1 Evacuation Pause) 209M->108M(233M) 3.710ms
[2024-07-25T15:17:51.781+0200] GC(85) User=0.03s Sys=0.00s Real=0.00s
